Archive member included to satisfy reference by file (symbol)

d:/progra~1/stmicr~1/stm32c~1/stm32c~1/gcc-ar~1/bin/../lib/gcc/arm-none-eabi/9.3.1/../../../../arm-none-eabi/lib/thumb/v7-m/nofp\libg_nano.a(lib_a-errno.o)
                              CMakeFiles/f1_demo.elf.dir/Src/syscalls.c.obj (__errno)
d:/progra~1/stmicr~1/stm32c~1/stm32c~1/gcc-ar~1/bin/../lib/gcc/arm-none-eabi/9.3.1/../../../../arm-none-eabi/lib/thumb/v7-m/nofp\libg_nano.a(lib_a-exit.o)
                              d:/progra~1/stmicr~1/stm32c~1/stm32c~1/gcc-ar~1/bin/../lib/gcc/arm-none-eabi/9.3.1/../../../../arm-none-eabi/lib/thumb/v7-m/nofp/crt0.o (exit)
d:/progra~1/stmicr~1/stm32c~1/stm32c~1/gcc-ar~1/bin/../lib/gcc/arm-none-eabi/9.3.1/../../../../arm-none-eabi/lib/thumb/v7-m/nofp\libg_nano.a(lib_a-impure.o)
                              d:/progra~1/stmicr~1/stm32c~1/stm32c~1/gcc-ar~1/bin/../lib/gcc/arm-none-eabi/9.3.1/../../../../arm-none-eabi/lib/thumb/v7-m/nofp\libg_nano.a(lib_a-exit.o) (_global_impure_ptr)
d:/progra~1/stmicr~1/stm32c~1/stm32c~1/gcc-ar~1/bin/../lib/gcc/arm-none-eabi/9.3.1/../../../../arm-none-eabi/lib/thumb/v7-m/nofp\libg_nano.a(lib_a-init.o)
                              d:/progra~1/stmicr~1/stm32c~1/stm32c~1/gcc-ar~1/bin/../lib/gcc/arm-none-eabi/9.3.1/../../../../arm-none-eabi/lib/thumb/v7-m/nofp/crt0.o (__libc_init_array)
d:/progra~1/stmicr~1/stm32c~1/stm32c~1/gcc-ar~1/bin/../lib/gcc/arm-none-eabi/9.3.1/../../../../arm-none-eabi/lib/thumb/v7-m/nofp\libg_nano.a(lib_a-memcpy-stub.o)
                              CMakeFiles/f1_demo.elf.dir/Middlewares/Third_Party/FreeRTOS/Source/queue.c.obj (memcpy)
d:/progra~1/stmicr~1/stm32c~1/stm32c~1/gcc-ar~1/bin/../lib/gcc/arm-none-eabi/9.3.1/../../../../arm-none-eabi/lib/thumb/v7-m/nofp\libg_nano.a(lib_a-memset.o)
                              d:/progra~1/stmicr~1/stm32c~1/stm32c~1/gcc-ar~1/bin/../lib/gcc/arm-none-eabi/9.3.1/../../../../arm-none-eabi/lib/thumb/v7-m/nofp/crt0.o (memset)
d:/progra~1/stmicr~1/stm32c~1/stm32c~1/gcc-ar~1/bin/../lib/gcc/arm-none-eabi/9.3.1/../../../../arm-none-eabi/lib/thumb/v7-m/nofp\libg_nano.a(lib_a-printf.o)
                              CMakeFiles/f1_demo.elf.dir/Src/Rx433Lin.c.obj (printf)
d:/progra~1/stmicr~1/stm32c~1/stm32c~1/gcc-ar~1/bin/../lib/gcc/arm-none-eabi/9.3.1/../../../../arm-none-eabi/lib/thumb/v7-m/nofp\libg_nano.a(lib_a-puts.o)
                              CMakeFiles/f1_demo.elf.dir/Src/Rx433Lin.c.obj (puts)
d:/progra~1/stmicr~1/stm32c~1/stm32c~1/gcc-ar~1/bin/../lib/gcc/arm-none-eabi/9.3.1/../../../../arm-none-eabi/lib/thumb/v7-m/nofp\libg_nano.a(lib_a-wbuf.o)
                              d:/progra~1/stmicr~1/stm32c~1/stm32c~1/gcc-ar~1/bin/../lib/gcc/arm-none-eabi/9.3.1/../../../../arm-none-eabi/lib/thumb/v7-m/nofp\libg_nano.a(lib_a-puts.o) (__swbuf_r)
d:/progra~1/stmicr~1/stm32c~1/stm32c~1/gcc-ar~1/bin/../lib/gcc/arm-none-eabi/9.3.1/../../../../arm-none-eabi/lib/thumb/v7-m/nofp\libg_nano.a(lib_a-wsetup.o)
                              d:/progra~1/stmicr~1/stm32c~1/stm32c~1/gcc-ar~1/bin/../lib/gcc/arm-none-eabi/9.3.1/../../../../arm-none-eabi/lib/thumb/v7-m/nofp\libg_nano.a(lib_a-puts.o) (__swsetup_r)
d:/progra~1/stmicr~1/stm32c~1/stm32c~1/gcc-ar~1/bin/../lib/gcc/arm-none-eabi/9.3.1/../../../../arm-none-eabi/lib/thumb/v7-m/nofp\libg_nano.a(lib_a-fflush.o)
                              d:/progra~1/stmicr~1/stm32c~1/stm32c~1/gcc-ar~1/bin/../lib/gcc/arm-none-eabi/9.3.1/../../../../arm-none-eabi/lib/thumb/v7-m/nofp\libg_nano.a(lib_a-wbuf.o) (_fflush_r)
d:/progra~1/stmicr~1/stm32c~1/stm32c~1/gcc-ar~1/bin/../lib/gcc/arm-none-eabi/9.3.1/../../../../arm-none-eabi/lib/thumb/v7-m/nofp\libg_nano.a(lib_a-findfp.o)
                              d:/progra~1/stmicr~1/stm32c~1/stm32c~1/gcc-ar~1/bin/../lib/gcc/arm-none-eabi/9.3.1/../../../../arm-none-eabi/lib/thumb/v7-m/nofp\libg_nano.a(lib_a-printf.o) (__sinit)
d:/progra~1/stmicr~1/stm32c~1/stm32c~1/gcc-ar~1/bin/../lib/gcc/arm-none-eabi/9.3.1/../../../../arm-none-eabi/lib/thumb/v7-m/nofp\libg_nano.a(lib_a-fwalk.o)
                              d:/progra~1/stmicr~1/stm32c~1/stm32c~1/gcc-ar~1/bin/../lib/gcc/arm-none-eabi/9.3.1/../../../../arm-none-eabi/lib/thumb/v7-m/nofp\libg_nano.a(lib_a-findfp.o) (_fwalk)
d:/progra~1/stmicr~1/stm32c~1/stm32c~1/gcc-ar~1/bin/../lib/gcc/arm-none-eabi/9.3.1/../../../../arm-none-eabi/lib/thumb/v7-m/nofp\libg_nano.a(lib_a-lock.o)
                              d:/progra~1/stmicr~1/stm32c~1/stm32c~1/gcc-ar~1/bin/../lib/gcc/arm-none-eabi/9.3.1/../../../../arm-none-eabi/lib/thumb/v7-m/nofp\libg_nano.a(lib_a-findfp.o) (__retarget_lock_init_recursive)
d:/progra~1/stmicr~1/stm32c~1/stm32c~1/gcc-ar~1/bin/../lib/gcc/arm-none-eabi/9.3.1/../../../../arm-none-eabi/lib/thumb/v7-m/nofp\libg_nano.a(lib_a-makebuf.o)
                              d:/progra~1/stmicr~1/stm32c~1/stm32c~1/gcc-ar~1/bin/../lib/gcc/arm-none-eabi/9.3.1/../../../../arm-none-eabi/lib/thumb/v7-m/nofp\libg_nano.a(lib_a-wsetup.o) (__smakebuf_r)
[...]
Memory Configuration

Name             Origin             Length             Attributes
RAM              0x20000000         0x00005000         xrw
FLASH            0x08000000         0x00010000         xr
*default*        0x00000000         0xffffffff

Linker script and memory map

LOAD d:/progra~1/stmicr~1/stm32c~1/stm32c~1/gcc-ar~1/bin/../lib/gcc/arm-none-eabi/9.3.1/thumb/v7-m/nofp/crti.o
LOAD d:/progra~1/stmicr~1/stm32c~1/stm32c~1/gcc-ar~1/bin/../lib/gcc/arm-none-eabi/9.3.1/thumb/v7-m/nofp/crtbegin.o
LOAD d:/progra~1/stmicr~1/stm32c~1/stm32c~1/gcc-ar~1/bin/../lib/gcc/arm-none-eabi/9.3.1/../../../../arm-none-eabi/lib/thumb/v7-m/nofp/crt0.o
LOAD CMakeFiles/f1_demo.elf.dir/Drivers/STM32F1xx_HAL_Driver/Src/stm32f1xx_hal.c.obj
LOAD CMakeFiles/f1_demo.elf.dir/Drivers/STM32F1xx_HAL_Driver/Src/stm32f1xx_hal_cortex.c.obj
LOAD CMakeFiles/f1_demo.elf.dir/Drivers/STM32F1xx_HAL_Driver/Src/stm32f1xx_hal_dma.c.obj
LOAD CMakeFiles/f1_demo.elf.dir/Drivers/STM32F1xx_HAL_Driver/Src/stm32f1xx_hal_exti.c.obj
LOAD CMakeFiles/f1_demo.elf.dir/Drivers/STM32F1xx_HAL_Driver/Src/stm32f1xx_hal_flash.c.obj
LOAD CMakeFiles/f1_demo.elf.dir/Drivers/STM32F1xx_HAL_Driver/Src/stm32f1xx_hal_flash_ex.c.obj
LOAD CMakeFiles/f1_demo.elf.dir/Drivers/STM32F1xx_HAL_Driver/Src/stm32f1xx_hal_gpio.c.obj
LOAD CMakeFiles/f1_demo.elf.dir/Drivers/STM32F1xx_HAL_Driver/Src/stm32f1xx_hal_gpio_ex.c.obj
LOAD CMakeFiles/f1_demo.elf.dir/Drivers/STM32F1xx_HAL_Driver/Src/stm32f1xx_hal_pwr.c.obj
LOAD CMakeFiles/f1_demo.elf.dir/Drivers/STM32F1xx_HAL_Driver/Src/stm32f1xx_hal_rcc.c.obj
LOAD CMakeFiles/f1_demo.elf.dir/Drivers/STM32F1xx_HAL_Driver/Src/stm32f1xx_hal_rcc_ex.c.obj
LOAD CMakeFiles/f1_demo.elf.dir/Drivers/STM32F1xx_HAL_Driver/Src/stm32f1xx_hal_tim.c.obj
LOAD CMakeFiles/f1_demo.elf.dir/Drivers/STM32F1xx_HAL_Driver/Src/stm32f1xx_hal_tim_ex.c.obj
LOAD CMakeFiles/f1_demo.elf.dir/Drivers/STM32F1xx_HAL_Driver/Src/stm32f1xx_hal_uart.c.obj
LOAD CMakeFiles/f1_demo.elf.dir/Middlewares/Third_Party/FreeRTOS/Source/CMSIS_RTOS/cmsis_os.c.obj
LOAD CMakeFiles/f1_demo.elf.dir/Middlewares/Third_Party/FreeRTOS/Source/croutine.c.obj
LOAD CMakeFiles/f1_demo.elf.dir/Middlewares/Third_Party/FreeRTOS/Source/event_groups.c.obj
LOAD CMakeFiles/f1_demo.elf.dir/Middlewares/Third_Party/FreeRTOS/Source/list.c.obj
LOAD CMakeFiles/f1_demo.elf.dir/Middlewares/Third_Party/FreeRTOS/Source/portable/GCC/ARM_CM3/port.c.obj
LOAD CMakeFiles/f1_demo.elf.dir/Middlewares/Third_Party/FreeRTOS/Source/portable/MemMang/heap_4.c.obj
LOAD CMakeFiles/f1_demo.elf.dir/Middlewares/Third_Party/FreeRTOS/Source/queue.c.obj
LOAD CMakeFiles/f1_demo.elf.dir/Middlewares/Third_Party/FreeRTOS/Source/stream_buffer.c.obj
LOAD CMakeFiles/f1_demo.elf.dir/Middlewares/Third_Party/FreeRTOS/Source/tasks.c.obj
LOAD CMakeFiles/f1_demo.elf.dir/Middlewares/Third_Party/FreeRTOS/Source/timers.c.obj
LOAD CMakeFiles/f1_demo.elf.dir/Src/Control.c.obj
LOAD CMakeFiles/f1_demo.elf.dir/Src/KeyBoard.c.obj
LOAD CMakeFiles/f1_demo.elf.dir/Src/Rx433Lin.c.obj
LOAD CMakeFiles/f1_demo.elf.dir/Src/Rx433Remote.c.obj
LOAD CMakeFiles/f1_demo.elf.dir/Src/Tx433Lin.c.obj
LOAD CMakeFiles/f1_demo.elf.dir/Src/Tx433Remote.c.obj
LOAD CMakeFiles/f1_demo.elf.dir/Src/freertos.c.obj
LOAD CMakeFiles/f1_demo.elf.dir/Src/gpio.c.obj
LOAD CMakeFiles/f1_demo.elf.dir/Src/keeloq_decode.c.obj
LOAD CMakeFiles/f1_demo.elf.dir/Src/keeloq_lock.c.obj
LOAD CMakeFiles/f1_demo.elf.dir/Src/main.c.obj
LOAD CMakeFiles/f1_demo.elf.dir/Src/oled.c.obj
LOAD CMakeFiles/f1_demo.elf.dir/Src/stm32f1xx_hal_msp.c.obj
LOAD CMakeFiles/f1_demo.elf.dir/Src/stm32f1xx_hal_timebase_tim.c.obj
LOAD CMakeFiles/f1_demo.elf.dir/Src/stm32f1xx_it.c.obj
LOAD CMakeFiles/f1_demo.elf.dir/Src/syscalls.c.obj
LOAD CMakeFiles/f1_demo.elf.dir/Src/system_stm32f1xx.c.obj
LOAD CMakeFiles/f1_demo.elf.dir/Src/tim.c.obj
LOAD CMakeFiles/f1_demo.elf.dir/Src/usart.c.obj
LOAD CMakeFiles/f1_demo.elf.dir/startup/startup_stm32f103xb.s.obj
START GROUP
LOAD d:/progra~1/stmicr~1/stm32c~1/stm32c~1/gcc-ar~1/bin/../lib/gcc/arm-none-eabi/9.3.1/thumb/v7-m/nofp\libgcc.a
LOAD d:/progra~1/stmicr~1/stm32c~1/stm32c~1/gcc-ar~1/bin/../lib/gcc/arm-none-eabi/9.3.1/../../../../arm-none-eabi/lib/thumb/v7-m/nofp\libg_nano.a
LOAD d:/progra~1/stmicr~1/stm32c~1/stm32c~1/gcc-ar~1/bin/../lib/gcc/arm-none-eabi/9.3.1/../../../../arm-none-eabi/lib/thumb/v7-m/nofp\libc_nano.a
END GROUP
START GROUP
LOAD d:/progra~1/stmicr~1/stm32c~1/stm32c~1/gcc-ar~1/bin/../lib/gcc/arm-none-eabi/9.3.1/thumb/v7-m/nofp\libgcc.a
LOAD d:/progra~1/stmicr~1/stm32c~1/stm32c~1/gcc-ar~1/bin/../lib/gcc/arm-none-eabi/9.3.1/../../../../arm-none-eabi/lib/thumb/v7-m/nofp\libc_nano.a
LOAD d:/progra~1/stmicr~1/stm32c~1/stm32c~1/gcc-ar~1/bin/../lib/gcc/arm-none-eabi/9.3.1/../../../../arm-none-eabi/lib/thumb/v7-m/nofp\libnosys.a
END GROUP
START GROUP
LOAD d:/progra~1/stmicr~1/stm32c~1/stm32c~1/gcc-ar~1/bin/../lib/gcc/arm-none-eabi/9.3.1/thumb/v7-m/nofp\libgcc.a
LOAD d:/progra~1/stmicr~1/stm32c~1/stm32c~1/gcc-ar~1/bin/../lib/gcc/arm-none-eabi/9.3.1/../../../../arm-none-eabi/lib/thumb/v7-m/nofp\libc_nano.a
LOAD d:/progra~1/stmicr~1/stm32c~1/stm32c~1/gcc-ar~1/bin/../lib/gcc/arm-none-eabi/9.3.1/../../../../arm-none-eabi/lib/thumb/v7-m/nofp\libnosys.a
END GROUP
LOAD d:/progra~1/stmicr~1/stm32c~1/stm32c~1/gcc-ar~1/bin/../lib/gcc/arm-none-eabi/9.3.1/thumb/v7-m/nofp/crtend.o
LOAD d:/progra~1/stmicr~1/stm32c~1/stm32c~1/gcc-ar~1/bin/../lib/gcc/arm-none-eabi/9.3.1/thumb/v7-m/nofp/crtn.o
                0x20005000                _estack = 0x20005000
                0x00000200                _Min_Heap_Size = 0x200
                0x00000400                _Min_Stack_Size = 0x400

.isr_vector     0x08000000      0x10c
                0x08000000                . = ALIGN (0x4)
 *(.isr_vector)
 .isr_vector    0x08000000      0x10c CMakeFiles/f1_demo.elf.dir/startup/startup_stm32f103xb.s.obj
                0x08000000                g_pfnVectors
                0x0800010c                . = ALIGN (0x4)

.text           0x08000110     0x5a30
                0x08000110                . = ALIGN (0x4)
 *(.text)
 .text          0x08000110       0x40 d:/progra~1/stmicr~1/stm32c~1/stm32c~1/gcc-ar~1/bin/../lib/gcc/arm-none-eabi/9.3.1/thumb/v7-m/nofp/crtbegin.o
 *(.text*)
 .text.HAL_Init
                0x08000150       0x2c CMakeFiles/f1_demo.elf.dir/Drivers/STM32F1xx_HAL_Driver/Src/stm32f1xx_hal.c.obj
                0x08000150                HAL_Init
 .text.HAL_IncTick
                0x0800017c       0x24 CMakeFiles/f1_demo.elf.dir/Drivers/STM32F1xx_HAL_Driver/Src/stm32f1xx_hal.c.obj
                0x0800017c                HAL_IncTick
 .text.HAL_GetTick
                0x080001a0       0x14 CMakeFiles/f1_demo.elf.dir/Drivers/STM32F1xx_HAL_Driver/Src/stm32f1xx_hal.c.obj
                0x080001a0                HAL_GetTick
 .text.__NVIC_SetPriorityGrouping
                0x080001b4       0x48 CMakeFiles/f1_demo.elf.dir/Drivers/STM32F1xx_HAL_Driver/Src/stm32f1xx_hal_cortex.c.obj
 .text.__NVIC_GetPriorityGrouping
                0x080001fc       0x1c CMakeFiles/f1_demo.elf.dir/Drivers/STM32F1xx_HAL_Driver/Src/stm32f1xx_hal_cortex.c.obj
 .text.__NVIC_EnableIRQ
                0x08000218       0x38 CMakeFiles/f1_demo.elf.dir/Drivers/STM32F1xx_HAL_Driver/Src/stm32f1xx_hal_cortex.c.obj
 .text.__NVIC_SetPriority
                0x08000250       0x54 CMakeFiles/f1_demo.elf.dir/Drivers/STM32F1xx_HAL_Driver/Src/stm32f1xx_hal_cortex.c.obj
 .text.NVIC_EncodePriority
                0x080002a4       0x64 CMakeFiles/f1_demo.elf.dir/Drivers/STM32F1xx_HAL_Driver/Src/stm32f1xx_hal_cortex.c.obj
 .text.HAL_NVIC_SetPriorityGrouping
                0x08000308       0x16 CMakeFiles/f1_demo.elf.dir/Drivers/STM32F1xx_HAL_Driver/Src/stm32f1xx_hal_cortex.c.obj
                0x08000308                HAL_NVIC_SetPriorityGrouping
 .text.HAL_NVIC_SetPriority
                0x0800031e       0x38 CMakeFiles/f1_demo.elf.dir/Drivers/STM32F1xx_HAL_Driver/Src/stm32f1xx_hal_cortex.c.obj
                0x0800031e                HAL_NVIC_SetPriority
 .text.HAL_NVIC_EnableIRQ
                0x08000356       0x1c CMakeFiles/f1_demo.elf.dir/Drivers/STM32F1xx_HAL_Driver/Src/stm32f1xx_hal_cortex.c.obj
                0x08000356                HAL_NVIC_EnableIRQ
 *fill*         0x08000372        0x2 
 .text.HAL_GPIO_Init
                0x08000374      0x308 CMakeFiles/f1_demo.elf.dir/Drivers/STM32F1xx_HAL_Driver/Src/stm32f1xx_hal_gpio.c.obj
                0x08000374                HAL_GPIO_Init
 .text.HAL_GPIO_ReadPin
                0x0800067c       0x2e CMakeFiles/f1_demo.elf.dir/Drivers/STM32F1xx_HAL_Driver/Src/stm32f1xx_hal_gpio.c.obj
                0x0800067c                HAL_GPIO_ReadPin
 .text.HAL_GPIO_WritePin
                0x080006aa       0x30 CMakeFiles/f1_demo.elf.dir/Drivers/STM32F1xx_HAL_Driver/Src/stm32f1xx_hal_gpio.c.obj
                0x080006aa                HAL_GPIO_WritePin
 *fill*         0x080006da        0x2 
 .text.HAL_RCC_OscConfig
                0x080006dc      0x500 CMakeFiles/f1_demo.elf.dir/Drivers/STM32F1xx_HAL_Driver/Src/stm32f1xx_hal_rcc.c.obj
                0x080006dc                HAL_RCC_OscConfig
 .text.HAL_RCC_ClockConfig
                0x08000bdc      0x1d4 CMakeFiles/f1_demo.elf.dir/Drivers/STM32F1xx_HAL_Driver/Src/stm32f1xx_hal_rcc.c.obj
                0x08000bdc                HAL_RCC_ClockConfig
 .text.HAL_RCC_GetSysClockFreq
                0x08000db0       0xc0 CMakeFiles/f1_demo.elf.dir/Drivers/STM32F1xx_HAL_Driver/Src/stm32f1xx_hal_rcc.c.obj
                0x08000db0                HAL_RCC_GetSysClockFreq
 .text.HAL_RCC_GetHCLKFreq
                0x08000e70       0x14 CMakeFiles/f1_demo.elf.dir/Drivers/STM32F1xx_HAL_Driver/Src/stm32f1xx_hal_rcc.c.obj
                0x08000e70                HAL_RCC_GetHCLKFreq
 .text.HAL_RCC_GetPCLK1Freq
                0x08000e84       0x28 CMakeFiles/f1_demo.elf.dir/Drivers/STM32F1xx_HAL_Driver/Src/stm32f1xx_hal_rcc.c.obj
                0x08000e84                HAL_RCC_GetPCLK1Freq
 .text.HAL_RCC_GetPCLK2Freq
                0x08000eac       0x28 CMakeFiles/f1_demo.elf.dir/Drivers/STM32F1xx_HAL_Driver/Src/stm32f1xx_hal_rcc.c.obj
                0x08000eac                HAL_RCC_GetPCLK2Freq
 .text.HAL_RCC_GetClockConfig
                0x08000ed4       0x60 CMakeFiles/f1_demo.elf.dir/Drivers/STM32F1xx_HAL_Driver/Src/stm32f1xx_hal_rcc.c.obj
                0x08000ed4                HAL_RCC_GetClockConfig
 .text.RCC_Delay
                0x08000f34       0x3c CMakeFiles/f1_demo.elf.dir/Drivers/STM32F1xx_HAL_Driver/Src/stm32f1xx_hal_rcc.c.obj
 .text.HAL_TIM_Base_Init
                0x08000f70       0x56 CMakeFiles/f1_demo.elf.dir/Drivers/STM32F1xx_HAL_Driver/Src/stm32f1xx_hal_tim.c.obj
                0x08000f70                HAL_TIM_Base_Init
 .text.HAL_TIM_Base_Start_IT
                0x08000fc6       0x46 CMakeFiles/f1_demo.elf.dir/Drivers/STM32F1xx_HAL_Driver/Src/stm32f1xx_hal_tim.c.obj
                0x08000fc6                HAL_TIM_Base_Start_IT
 .text.HAL_TIM_IRQHandler
                0x0800100c      0x210 CMakeFiles/f1_demo.elf.dir/Drivers/STM32F1xx_HAL_Driver/Src/stm32f1xx_hal_tim.c.obj
                0x0800100c                HAL_TIM_IRQHandler
 .text.HAL_TIM_ConfigClockSource
                0x0800121c      0x188 CMakeFiles/f1_demo.elf.dir/Drivers/STM32F1xx_HAL_Driver/Src/stm32f1xx_hal_tim.c.obj
                0x0800121c                HAL_TIM_ConfigClockSource
 .text.HAL_TIM_OC_DelayElapsedCallback
                0x080013a4       0x12 CMakeFiles/f1_demo.elf.dir/Drivers/STM32F1xx_HAL_Driver/Src/stm32f1xx_hal_tim.c.obj
                0x080013a4                HAL_TIM_OC_DelayElapsedCallback
 .text.HAL_TIM_IC_CaptureCallback
                0x080013b6       0x12 CMakeFiles/f1_demo.elf.dir/Drivers/STM32F1xx_HAL_Driver/Src/stm32f1xx_hal_tim.c.obj
                0x080013b6                HAL_TIM_IC_CaptureCallback
 .text.HAL_TIM_PWM_PulseFinishedCallback
                0x080013c8       0x12 CMakeFiles/f1_demo.elf.dir/Drivers/STM32F1xx_HAL_Driver/Src/stm32f1xx_hal_tim.c.obj
                0x080013c8                HAL_TIM_PWM_PulseFinishedCallback
 .text.HAL_TIM_TriggerCallback
                0x080013da       0x12 CMakeFiles/f1_demo.elf.dir/Drivers/STM32F1xx_HAL_Driver/Src/stm32f1xx_hal_tim.c.obj
                0x080013da                HAL_TIM_TriggerCallback
 .text.TIM_Base_SetConfig
                0x080013ec       0xc4 CMakeFiles/f1_demo.elf.dir/Drivers/STM32F1xx_HAL_Driver/Src/stm32f1xx_hal_tim.c.obj
                0x080013ec                TIM_Base_SetConfig
 .text.TIM_TI1_ConfigInputStage
                0x080014b0       0x5c CMakeFiles/f1_demo.elf.dir/Drivers/STM32F1xx_HAL_Driver/Src/stm32f1xx_hal_tim.c.obj
 .text.TIM_TI2_ConfigInputStage
                0x0800150c       0x5e CMakeFiles/f1_demo.elf.dir/Drivers/STM32F1xx_HAL_Driver/Src/stm32f1xx_hal_tim.c.obj
 .text.TIM_ITRx_SetConfig
                0x0800156a       0x34 CMakeFiles/f1_demo.elf.dir/Drivers/STM32F1xx_HAL_Driver/Src/stm32f1xx_hal_tim.c.obj
 .text.TIM_ETR_SetConfig
                0x0800159e       0x3e CMakeFiles/f1_demo.elf.dir/Drivers/STM32F1xx_HAL_Driver/Src/stm32f1xx_hal_tim.c.obj
                0x0800159e                TIM_ETR_SetConfig
 .text.HAL_TIMEx_MasterConfigSynchronization
                0x080015dc       0x88 CMakeFiles/f1_demo.elf.dir/Drivers/STM32F1xx_HAL_Driver/Src/stm32f1xx_hal_tim_ex.c.obj
                0x080015dc                HAL_TIMEx_MasterConfigSynchronization
 .text.HAL_TIMEx_CommutCallback
                0x08001664       0x12 CMakeFiles/f1_demo.elf.dir/Drivers/STM32F1xx_HAL_Driver/Src/stm32f1xx_hal_tim_ex.c.obj
                0x08001664                HAL_TIMEx_CommutCallback
 .text.HAL_TIMEx_BreakCallback
                0x08001676       0x12 CMakeFiles/f1_demo.elf.dir/Drivers/STM32F1xx_HAL_Driver/Src/stm32f1xx_hal_tim_ex.c.obj
                0x08001676                HAL_TIMEx_BreakCallback
 .text.HAL_UART_Init
                0x08001688       0x9a CMakeFiles/f1_demo.elf.dir/Drivers/STM32F1xx_HAL_Driver/Src/stm32f1xx_hal_uart.c.obj
                0x08001688                HAL_UART_Init
 .text.HAL_UART_Transmit
                0x08001722      0x132 CMakeFiles/f1_demo.elf.dir/Drivers/STM32F1xx_HAL_Driver/Src/stm32f1xx_hal_uart.c.obj
                0x08001722                HAL_UART_Transmit
 .text.UART_WaitOnFlagUntilTimeout
                0x08001854       0x94 CMakeFiles/f1_demo.elf.dir/Drivers/STM32F1xx_HAL_Driver/Src/stm32f1xx_hal_uart.c.obj
 .text.UART_SetConfig
                0x080018e8      0x1b4 CMakeFiles/f1_demo.elf.dir/Drivers/STM32F1xx_HAL_Driver/Src/stm32f1xx_hal_uart.c.obj
 .text.makeFreeRtosPriority
                0x08001a9c       0x2e CMakeFiles/f1_demo.elf.dir/Middlewares/Third_Party/FreeRTOS/Source/CMSIS_RTOS/cmsis_os.c.obj
 .text.inHandlerMode
                0x08001aca       0x22 CMakeFiles/f1_demo.elf.dir/Middlewares/Third_Party/FreeRTOS/Source/CMSIS_RTOS/cmsis_os.c.obj
 .text.osKernelStart
                0x08001aec        0xe CMakeFiles/f1_demo.elf.dir/Middlewares/Third_Party/FreeRTOS/Source/CMSIS_RTOS/cmsis_os.c.obj
                0x08001aec                osKernelStart
 .text.osThreadCreate
                0x08001afa       0x98 CMakeFiles/f1_demo.elf.dir/Middlewares/Third_Party/FreeRTOS/Source/CMSIS_RTOS/cmsis_os.c.obj
                0x08001afa                osThreadCreate
 .text.osDelay  0x08001b92       0x28 CMakeFiles/f1_demo.elf.dir/Middlewares/Third_Party/FreeRTOS/Source/CMSIS_RTOS/cmsis_os.c.obj
                0x08001b92                osDelay
 .text.osMessageCreate
                0x08001bba       0x50 CMakeFiles/f1_demo.elf.dir/Middlewares/Third_Party/FreeRTOS/Source/CMSIS_RTOS/cmsis_os.c.obj
                0x08001bba                osMessageCreate
 *fill*         0x08001c0a        0x2 
 .text.osMessagePut
                0x08001c0c       0x80 CMakeFiles/f1_demo.elf.dir/Middlewares/Third_Party/FreeRTOS/Source/CMSIS_RTOS/cmsis_os.c.obj
                0x08001c0c                osMessagePut
 .text.osMessageGet
                0x08001c8c       0xe8 CMakeFiles/f1_demo.elf.dir/Middlewares/Third_Party/FreeRTOS/Source/CMSIS_RTOS/cmsis_os.c.obj
                0x08001c8c                osMessageGet
 .text.osMessageWaiting
                0x08001d74       0x2c CMakeFiles/f1_demo.elf.dir/Middlewares/Third_Party/FreeRTOS/Source/CMSIS_RTOS/cmsis_os.c.obj
                0x08001d74                osMessageWaiting
 .text.vListInitialise
                0x08001da0       0x3e CMakeFiles/f1_demo.elf.dir/Middlewares/Third_Party/FreeRTOS/Source/list.c.obj
                0x08001da0                vListInitialise
 .text.vListInitialiseItem
                0x08001dde       0x18 CMakeFiles/f1_demo.elf.dir/Middlewares/Third_Party/FreeRTOS/Source/list.c.obj
                0x08001dde                vListInitialiseItem
 .text.vListInsertEnd
                0x08001df6       0x46 CMakeFiles/f1_demo.elf.dir/Middlewares/Third_Party/FreeRTOS/Source/list.c.obj
                0x08001df6                vListInsertEnd
 .text.vListInsert
                0x08001e3c       0x70 CMakeFiles/f1_demo.elf.dir/Middlewares/Third_Party/FreeRTOS/Source/list.c.obj
                0x08001e3c                vListInsert
 .text.uxListRemove
                0x08001eac       0x52 CMakeFiles/f1_demo.elf.dir/Middlewares/Third_Party/FreeRTOS/Source/list.c.obj
                0x08001eac                uxListRemove
 *fill*         0x08001efe        0x2 
 .text.pxPortInitialiseStack
                0x08001f00       0x58 CMakeFiles/f1_demo.elf.dir/Middlewares/Third_Party/FreeRTOS/Source/portable/GCC/ARM_CM3/port.c.obj
                0x08001f00                pxPortInitialiseStack
 .text.prvTaskExitError
                0x08001f58       0x58 CMakeFiles/f1_demo.elf.dir/Middlewares/Third_Party/FreeRTOS/Source/portable/GCC/ARM_CM3/port.c.obj
 .text.SVC_Handler
                0x08001fb0       0x28 CMakeFiles/f1_demo.elf.dir/Middlewares/Third_Party/FreeRTOS/Source/portable/GCC/ARM_CM3/port.c.obj
                0x08001fb0                SVC_Handler
 .text.prvPortStartFirstTask
                0x08001fd8       0x20 CMakeFiles/f1_demo.elf.dir/Middlewares/Third_Party/FreeRTOS/Source/portable/GCC/ARM_CM3/port.c.obj
 .text.xPortStartScheduler
                0x08001ff8       0xe4 CMakeFiles/f1_demo.elf.dir/Middlewares/Third_Party/FreeRTOS/Source/portable/GCC/ARM_CM3/port.c.obj
                0x08001ff8                xPortStartScheduler
 .text.vPortEnterCritical
                0x080020dc       0x60 CMakeFiles/f1_demo.elf.dir/Middlewares/Third_Party/FreeRTOS/Source/portable/GCC/ARM_CM3/port.c.obj
                0x080020dc                vPortEnterCritical
 .text.vPortExitCritical
                0x0800213c       0x50 CMakeFiles/f1_demo.elf.dir/Middlewares/Third_Party/FreeRTOS/Source/portable/GCC/ARM_CM3/port.c.obj
                0x0800213c                vPortExitCritical
 *fill*         0x0800218c        0x4 
 .text.PendSV_Handler
                0x08002190       0x48 CMakeFiles/f1_demo.elf.dir/Middlewares/Third_Party/FreeRTOS/Source/portable/GCC/ARM_CM3/port.c.obj
                0x08002190                PendSV_Handler
 .text.SysTick_Handler
                0x080021d8       0x44 CMakeFiles/f1_demo.elf.dir/Middlewares/Third_Party/FreeRTOS/Source/portable/GCC/ARM_CM3/port.c.obj
                0x080021d8                SysTick_Handler
 .text.vPortSetupTimerInterrupt
                0x0800221c       0x44 CMakeFiles/f1_demo.elf.dir/Middlewares/Third_Party/FreeRTOS/Source/portable/GCC/ARM_CM3/port.c.obj
                0x0800221c                vPortSetupTimerInterrupt
 .text.vPortValidateInterruptPriority
                0x08002260       0x7c CMakeFiles/f1_demo.elf.dir/Middlewares/Third_Party/FreeRTOS/Source/portable/GCC/ARM_CM3/port.c.obj
                0x08002260                vPortValidateInterruptPriority
 .text.pvPortMalloc
                0x080022dc      0x188 CMakeFiles/f1_demo.elf.dir/Middlewares/Third_Party/FreeRTOS/Source/portable/MemMang/heap_4.c.obj
                0x080022dc                pvPortMalloc
 .text.vPortFree
                0x08002464       0xb4 CMakeFiles/f1_demo.elf.dir/Middlewares/Third_Party/FreeRTOS/Source/portable/MemMang/heap_4.c.obj
                0x08002464                vPortFree
 .text.prvHeapInit
                0x08002518       0xc4 CMakeFiles/f1_demo.elf.dir/Middlewares/Third_Party/FreeRTOS/Source/portable/MemMang/heap_4.c.obj
 .text.prvInsertBlockIntoFreeList
                0x080025dc       0xb0 CMakeFiles/f1_demo.elf.dir/Middlewares/Third_Party/FreeRTOS/Source/portable/MemMang/heap_4.c.obj
 .text.xQueueGenericReset
                0x0800268c       0xd0 CMakeFiles/f1_demo.elf.dir/Middlewares/Third_Party/FreeRTOS/Source/queue.c.obj
                0x0800268c                xQueueGenericReset
 .text.xQueueGenericCreateStatic
                0x0800275c       0xee CMakeFiles/f1_demo.elf.dir/Middlewares/Third_Party/FreeRTOS/Source/queue.c.obj
                0x0800275c                xQueueGenericCreateStatic
 .text.xQueueGenericCreate
                0x0800284a       0x7c CMakeFiles/f1_demo.elf.dir/Middlewares/Third_Party/FreeRTOS/Source/queue.c.obj
                0x0800284a                xQueueGenericCreate
 .text.prvInitialiseNewQueue
                0x080028c6       0x3e CMakeFiles/f1_demo.elf.dir/Middlewares/Third_Party/FreeRTOS/Source/queue.c.obj
 .text.xQueueGenericSend
                0x08002904      0x1fc CMakeFiles/f1_demo.elf.dir/Middlewares/Third_Party/FreeRTOS/Source/queue.c.obj
                0x08002904                xQueueGenericSend
 .text.xQueueGenericSendFromISR
                0x08002b00      0x130 CMakeFiles/f1_demo.elf.dir/Middlewares/Third_Party/FreeRTOS/Source/queue.c.obj
                0x08002b00                xQueueGenericSendFromISR
 .text.xQueueReceive
                0x08002c30      0x1c0 CMakeFiles/f1_demo.elf.dir/Middlewares/Third_Party/FreeRTOS/Source/queue.c.obj
                0x08002c30                xQueueReceive
 .text.xQueueReceiveFromISR
                0x08002df0      0x100 CMakeFiles/f1_demo.elf.dir/Middlewares/Third_Party/FreeRTOS/Source/queue.c.obj
                0x08002df0                xQueueReceiveFromISR
 .text.uxQueueMessagesWaiting
                0x08002ef0       0x3c CMakeFiles/f1_demo.elf.dir/Middlewares/Third_Party/FreeRTOS/Source/queue.c.obj
                0x08002ef0                uxQueueMessagesWaiting
 .text.uxQueueMessagesWaitingFromISR
                0x08002f2c       0x36 CMakeFiles/f1_demo.elf.dir/Middlewares/Third_Party/FreeRTOS/Source/queue.c.obj
                0x08002f2c                uxQueueMessagesWaitingFromISR
 .text.prvCopyDataToQueue
                0x08002f62       0xd4 CMakeFiles/f1_demo.elf.dir/Middlewares/Third_Party/FreeRTOS/Source/queue.c.obj
 .text.prvCopyDataFromQueue
                0x08003036       0x4c CMakeFiles/f1_demo.elf.dir/Middlewares/Third_Party/FreeRTOS/Source/queue.c.obj
 .text.prvUnlockQueue
                0x08003082       0xa4 CMakeFiles/f1_demo.elf.dir/Middlewares/Third_Party/FreeRTOS/Source/queue.c.obj
 .text.prvIsQueueEmpty
                0x08003126       0x2c CMakeFiles/f1_demo.elf.dir/Middlewares/Third_Party/FreeRTOS/Source/queue.c.obj
 .text.prvIsQueueFull
                0x08003152       0x30 CMakeFiles/f1_demo.elf.dir/Middlewares/Third_Party/FreeRTOS/Source/queue.c.obj
 .text.xTaskCreateStatic
                0x08003182       0xb8 CMakeFiles/f1_demo.elf.dir/Middlewares/Third_Party/FreeRTOS/Source/tasks.c.obj
                0x08003182                xTaskCreateStatic
 .text.xTaskCreate
                0x0800323a       0x8a CMakeFiles/f1_demo.elf.dir/Middlewares/Third_Party/FreeRTOS/Source/tasks.c.obj
                0x0800323a                xTaskCreate
 .text.prvInitialiseNewTask
                0x080032c4       0xfe CMakeFiles/f1_demo.elf.dir/Middlewares/Third_Party/FreeRTOS/Source/tasks.c.obj
 *fill*         0x080033c2        0x2 
 .text.prvAddNewTaskToReadyList
                0x080033c4       0xd4 CMakeFiles/f1_demo.elf.dir/Middlewares/Third_Party/FreeRTOS/Source/tasks.c.obj
 .text.vTaskDelay
                0x08003498       0x68 CMakeFiles/f1_demo.elf.dir/Middlewares/Third_Party/FreeRTOS/Source/tasks.c.obj
                0x08003498                vTaskDelay
 .text.vTaskStartScheduler
                0x08003500       0xc0 CMakeFiles/f1_demo.elf.dir/Middlewares/Third_Party/FreeRTOS/Source/tasks.c.obj
                0x08003500                vTaskStartScheduler
 .text.vTaskSuspendAll
                0x080035c0       0x1c CMakeFiles/f1_demo.elf.dir/Middlewares/Third_Party/FreeRTOS/Source/tasks.c.obj
                0x080035c0                vTaskSuspendAll
 .text.xTaskResumeAll
                0x080035dc      0x138 CMakeFiles/f1_demo.elf.dir/Middlewares/Third_Party/FreeRTOS/Source/tasks.c.obj
                0x080035dc                xTaskResumeAll
 .text.xTaskIncrementTick
                0x08003714      0x17c CMakeFiles/f1_demo.elf.dir/Middlewares/Third_Party/FreeRTOS/Source/tasks.c.obj
                0x08003714                xTaskIncrementTick
 .text.vTaskSwitchContext
                0x08003890       0xb4 CMakeFiles/f1_demo.elf.dir/Middlewares/Third_Party/FreeRTOS/Source/tasks.c.obj
                0x08003890                vTaskSwitchContext
 .text.vTaskPlaceOnEventList
                0x08003944       0x48 CMakeFiles/f1_demo.elf.dir/Middlewares/Third_Party/FreeRTOS/Source/tasks.c.obj
                0x08003944                vTaskPlaceOnEventList
 .text.xTaskRemoveFromEventList
                0x0800398c       0xc4 CMakeFiles/f1_demo.elf.dir/Middlewares/Third_Party/FreeRTOS/Source/tasks.c.obj
                0x0800398c                xTaskRemoveFromEventList
 .text.vTaskInternalSetTimeOutState
                0x08003a50       0x2c CMakeFiles/f1_demo.elf.dir/Middlewares/Third_Party/FreeRTOS/Source/tasks.c.obj
                0x08003a50                vTaskInternalSetTimeOutState
 .text.xTaskCheckForTimeOut
                0x08003a7c       0xc4 CMakeFiles/f1_demo.elf.dir/Middlewares/Third_Party/FreeRTOS/Source/tasks.c.obj
                0x08003a7c                xTaskCheckForTimeOut
 .text.vTaskMissedYield
                0x08003b40       0x18 CMakeFiles/f1_demo.elf.dir/Middlewares/Third_Party/FreeRTOS/Source/tasks.c.obj
                0x08003b40                vTaskMissedYield
 .text.prvIdleTask
                0x08003b58       0x30 CMakeFiles/f1_demo.elf.dir/Middlewares/Third_Party/FreeRTOS/Source/tasks.c.obj
 .text.prvInitialiseTaskLists
                0x08003b88       0x80 CMakeFiles/f1_demo.elf.dir/Middlewares/Third_Party/FreeRTOS/Source/tasks.c.obj
 .text.prvCheckTasksWaitingTermination
                0x08003c08       0x5c CMakeFiles/f1_demo.elf.dir/Middlewares/Third_Party/FreeRTOS/Source/tasks.c.obj
 .text.prvDeleteTCB
                0x08003c64       0x5e CMakeFiles/f1_demo.elf.dir/Middlewares/Third_Party/FreeRTOS/Source/tasks.c.obj
 *fill*         0x08003cc2        0x2 
 .text.prvResetNextTaskUnblockTime
                0x08003cc4       0x48 CMakeFiles/f1_demo.elf.dir/Middlewares/Third_Party/FreeRTOS/Source/tasks.c.obj
 .text.xTaskGetSchedulerState
                0x08003d0c       0x3c CMakeFiles/f1_demo.elf.dir/Middlewares/Third_Party/FreeRTOS/Source/tasks.c.obj
                0x08003d0c                xTaskGetSchedulerState
 .text.xTaskPriorityDisinherit
                0x08003d48      0x10c CMakeFiles/f1_demo.elf.dir/Middlewares/Third_Party/FreeRTOS/Source/tasks.c.obj
                0x08003d48                xTaskPriorityDisinherit
 .text.prvAddCurrentTaskToDelayedList
                0x08003e54       0xcc CMakeFiles/f1_demo.elf.dir/Middlewares/Third_Party/FreeRTOS/Source/tasks.c.obj
 .text.KeyScan  0x08003f20      0x148 CMakeFiles/f1_demo.elf.dir/Src/KeyBoard.c.obj
                0x08003f20                KeyScan
 .text.KeyPress
                0x08004068       0x24 CMakeFiles/f1_demo.elf.dir/Src/KeyBoard.c.obj
                0x08004068                KeyPress
 .text.KeyRelease
                0x0800408c       0x24 CMakeFiles/f1_demo.elf.dir/Src/KeyBoard.c.obj
                0x0800408c                KeyRelease
 .text.KeyContinued
                0x080040b0       0x40 CMakeFiles/f1_demo.elf.dir/Src/KeyBoard.c.obj
                0x080040b0                KeyContinued
 .text.AskInit  0x080040f0       0x4c CMakeFiles/f1_demo.elf.dir/Src/Tx433Lin.c.obj
                0x080040f0                AskInit
 .text.Tx433IrInit
                0x0800413c       0x3c CMakeFiles/f1_demo.elf.dir/Src/Tx433Remote.c.obj
                0x0800413c                Tx433IrInit
 .text.vApplicationGetIdleTaskMemory
                0x08004178       0x30 CMakeFiles/f1_demo.elf.dir/Src/freertos.c.obj
                0x08004178                vApplicationGetIdleTaskMemory
 .text.MX_FREERTOS_Init
                0x080041a8       0xbc CMakeFiles/f1_demo.elf.dir/Src/freertos.c.obj
                0x080041a8                MX_FREERTOS_Init
 .text.StartDefaultTask
                0x08004264       0x10 CMakeFiles/f1_demo.elf.dir/Src/freertos.c.obj
                0x08004264                StartDefaultTask
 .text.KeyScanTask02
                0x08004274       0x48 CMakeFiles/f1_demo.elf.dir/Src/freertos.c.obj
                0x08004274                KeyScanTask02
 .text.Key_MenuTask03
                0x080042bc       0x58 CMakeFiles/f1_demo.elf.dir/Src/freertos.c.obj
                0x080042bc                Key_MenuTask03
 .text.MX_GPIO_Init
                0x08004314       0xf4 CMakeFiles/f1_demo.elf.dir/Src/gpio.c.obj
                0x08004314                MX_GPIO_Init
 .text.NLF_DEFINE
                0x08004408       0xd0 CMakeFiles/f1_demo.elf.dir/Src/keeloq_lock.c.obj
                0x08004408                NLF_DEFINE
 .text._write   0x080044d8       0x2c CMakeFiles/f1_demo.elf.dir/Src/main.c.obj
                0x080044d8                _write
 .text.main     0x08004504       0x54 CMakeFiles/f1_demo.elf.dir/Src/main.c.obj
                0x08004504                main
 .text.SystemClock_Config
                0x08004558       0x8a CMakeFiles/f1_demo.elf.dir/Src/main.c.obj
                0x08004558                SystemClock_Config
 .text.HAL_TIM_PeriodElapsedCallback
                0x080045e2       0x1e CMakeFiles/f1_demo.elf.dir/Src/main.c.obj
                0x080045e2                HAL_TIM_PeriodElapsedCallback
 .text.Error_Handler
                0x08004600        0xc CMakeFiles/f1_demo.elf.dir/Src/main.c.obj
                0x08004600                Error_Handler
 .text.HAL_MspInit
                0x0800460c       0x70 CMakeFiles/f1_demo.elf.dir/Src/stm32f1xx_hal_msp.c.obj
                0x0800460c                HAL_MspInit
 .text.HAL_InitTick
                0x0800467c       0xb0 CMakeFiles/f1_demo.elf.dir/Src/stm32f1xx_hal_timebase_tim.c.obj
                0x0800467c                HAL_InitTick
 .text.NMI_Handler
                0x0800472c        0xc CMakeFiles/f1_demo.elf.dir/Src/stm32f1xx_it.c.obj
                0x0800472c                NMI_Handler
 .text.HardFault_Handler
                0x08004738        0x6 CMakeFiles/f1_demo.elf.dir/Src/stm32f1xx_it.c.obj
                0x08004738                HardFault_Handler
 .text.MemManage_Handler
                0x0800473e        0x6 CMakeFiles/f1_demo.elf.dir/Src/stm32f1xx_it.c.obj
                0x0800473e                MemManage_Handler
 .text.BusFault_Handler
                0x08004744        0x6 CMakeFiles/f1_demo.elf.dir/Src/stm32f1xx_it.c.obj
                0x08004744                BusFault_Handler
 .text.UsageFault_Handler
                0x0800474a        0x6 CMakeFiles/f1_demo.elf.dir/Src/stm32f1xx_it.c.obj
                0x0800474a                UsageFault_Handler
 .text.DebugMon_Handler
                0x08004750        0xc CMakeFiles/f1_demo.elf.dir/Src/stm32f1xx_it.c.obj
                0x08004750                DebugMon_Handler
 .text.TIM2_IRQHandler
                0x0800475c       0x14 CMakeFiles/f1_demo.elf.dir/Src/stm32f1xx_it.c.obj
                0x0800475c                TIM2_IRQHandler
 .text.TIM3_IRQHandler
                0x08004770       0x14 CMakeFiles/f1_demo.elf.dir/Src/stm32f1xx_it.c.obj
                0x08004770                TIM3_IRQHandler
 .text._read    0x08004784       0x3a CMakeFiles/f1_demo.elf.dir/Src/syscalls.c.obj
                0x08004784                _read
 *fill*         0x080047be        0x2 
 .text._sbrk    0x080047c0       0x58 CMakeFiles/f1_demo.elf.dir/Src/syscalls.c.obj
                0x080047c0                _sbrk
 .text._close   0x08004818       0x16 CMakeFiles/f1_demo.elf.dir/Src/syscalls.c.obj
                0x08004818                _close
 .text._fstat   0x0800482e       0x1e CMakeFiles/f1_demo.elf.dir/Src/syscalls.c.obj
                0x0800482e                _fstat
 .text._isatty  0x0800484c       0x14 CMakeFiles/f1_demo.elf.dir/Src/syscalls.c.obj
                0x0800484c                _isatty
 .text._lseek   0x08004860       0x18 CMakeFiles/f1_demo.elf.dir/Src/syscalls.c.obj
                0x08004860                _lseek
 .text.SystemInit
                0x08004878       0x68 CMakeFiles/f1_demo.elf.dir/Src/system_stm32f1xx.c.obj
                0x08004878                SystemInit
 .text.MX_TIM3_Init
                0x080048e0       0x98 CMakeFiles/f1_demo.elf.dir/Src/tim.c.obj
                0x080048e0                MX_TIM3_Init
 .text.HAL_TIM_Base_MspInit
                0x08004978       0x4c CMakeFiles/f1_demo.elf.dir/Src/tim.c.obj
                0x08004978                HAL_TIM_Base_MspInit
 .text.MX_USART1_UART_Init
                0x080049c4       0x54 CMakeFiles/f1_demo.elf.dir/Src/usart.c.obj
                0x080049c4                MX_USART1_UART_Init
 .text.HAL_UART_MspInit
                0x08004a18       0x98 CMakeFiles/f1_demo.elf.dir/Src/usart.c.obj
                0x08004a18                HAL_UART_MspInit
 .text.Reset_Handler
                0x08004ab0       0x48 CMakeFiles/f1_demo.elf.dir/startup/startup_stm32f103xb.s.obj
                0x08004ab0                Reset_Handler
 .text.Default_Handler
                0x08004af8        0x2 CMakeFiles/f1_demo.elf.dir/startup/startup_stm32f103xb.s.obj
                0x08004af8                RTC_Alarm_IRQHandler
                0x08004af8                EXTI2_IRQHandler
                0x08004af8                TIM1_CC_IRQHandler
                0x08004af8                PVD_IRQHandler
                0x08004af8                EXTI3_IRQHandler
                0x08004af8                EXTI0_IRQHandler
                0x08004af8                I2C2_EV_IRQHandler
                0x08004af8                ADC1_2_IRQHandler
                0x08004af8                SPI1_IRQHandler
                0x08004af8                TAMPER_IRQHandler
                0x08004af8                DMA1_Channel4_IRQHandler
                0x08004af8                USART3_IRQHandler
                0x08004af8                RTC_IRQHandler
                0x08004af8                DMA1_Channel7_IRQHandler
                0x08004af8                CAN1_RX1_IRQHandler
                0x08004af8                TIM4_IRQHandler
                0x08004af8                I2C1_EV_IRQHandler
                0x08004af8                DMA1_Channel6_IRQHandler
                0x08004af8                RCC_IRQHandler
                0x08004af8                TIM1_TRG_COM_IRQHandler
                0x08004af8                DMA1_Channel1_IRQHandler
                0x08004af8                Default_Handler
                0x08004af8                EXTI15_10_IRQHandler
                0x08004af8                EXTI9_5_IRQHandler
                0x08004af8                SPI2_IRQHandler
                0x08004af8                DMA1_Channel5_IRQHandler
                0x08004af8                EXTI4_IRQHandler
                0x08004af8                USB_LP_CAN1_RX0_IRQHandler
                0x08004af8                USB_HP_CAN1_TX_IRQHandler
                0x08004af8                DMA1_Channel3_IRQHandler
                0x08004af8                TIM1_UP_IRQHandler
                0x08004af8                WWDG_IRQHandler
                0x08004af8                TIM1_BRK_IRQHandler
                0x08004af8                EXTI1_IRQHandler
                0x08004af8                USART2_IRQHandler
                0x08004af8                I2C2_ER_IRQHandler
                0x08004af8                DMA1_Channel2_IRQHandler
                0x08004af8                CAN1_SCE_IRQHandler
                0x08004af8                FLASH_IRQHandler
                0x08004af8                USART1_IRQHandler
                0x08004af8                I2C1_ER_IRQHandler
                0x08004af8                USBWakeUp_IRQHandler
 *fill*         0x08004afa        0x2 
 .text.__errno  0x08004afc        0xc d:/progra~1/stmicr~1/stm32c~1/stm32c~1/gcc-ar~1/bin/../lib/gcc/arm-none-eabi/9.3.1/../../../../arm-none-eabi/lib/thumb/v7-m/nofp\libg_nano.a(lib_a-errno.o)
                0x08004afc                __errno
 .text.__libc_init_array
                0x08004b08       0x48 d:/progra~1/stmicr~1/stm32c~1/stm32c~1/gcc-ar~1/bin/../lib/gcc/arm-none-eabi/9.3.1/../../../../arm-none-eabi/lib/thumb/v7-m/nofp\libg_nano.a(lib_a-init.o)
                0x08004b08                __libc_init_array
 .text.memcpy   0x08004b50       0x1c d:/progra~1/stmicr~1/stm32c~1/stm32c~1/gcc-ar~1/bin/../lib/gcc/arm-none-eabi/9.3.1/../../../../arm-none-eabi/lib/thumb/v7-m/nofp\libg_nano.a(lib_a-memcpy-stub.o)
                0x08004b50                memcpy
 .text.memset   0x08004b6c       0x10 d:/progra~1/stmicr~1/stm32c~1/stm32c~1/gcc-ar~1/bin/../lib/gcc/arm-none-eabi/9.3.1/../../../../arm-none-eabi/lib/thumb/v7-m/nofp\libg_nano.a(lib_a-memset.o)
                0x08004b6c                memset
 .text.printf   0x08004b7c       0x30 d:/progra~1/stmicr~1/stm32c~1/stm32c~1/gcc-ar~1/bin/../lib/gcc/arm-none-eabi/9.3.1/../../../../arm-none-eabi/lib/thumb/v7-m/nofp\libg_nano.a(lib_a-printf.o)
                0x08004b7c                iprintf
                0x08004b7c                printf
 .text._puts_r  0x08004bac       0xdc d:/progra~1/stmicr~1/stm32c~1/stm32c~1/gcc-ar~1/bin/../lib/gcc/arm-none-eabi/9.3.1/../../../../arm-none-eabi/lib/thumb/v7-m/nofp\libg_nano.a(lib_a-puts.o)
                0x08004bac                _puts_r
 .text.puts     0x08004c88       0x10 d:/progra~1/stmicr~1/stm32c~1/stm32c~1/gcc-ar~1/bin/../lib/gcc/arm-none-eabi/9.3.1/../../../../arm-none-eabi/lib/thumb/v7-m/nofp\libg_nano.a(lib_a-puts.o)
                0x08004c88                puts
 .text.__swbuf_r
                0x08004c98       0xa4 d:/progra~1/stmicr~1/stm32c~1/stm32c~1/gcc-ar~1/bin/../lib/gcc/arm-none-eabi/9.3.1/../../../../arm-none-eabi/lib/thumb/v7-m/nofp\libg_nano.a(lib_a-wbuf.o)
                0x08004c98                __swbuf_r
 .text.__swsetup_r
                0x08004d3c       0xdc d:/progra~1/stmicr~1/stm32c~1/stm32c~1/gcc-ar~1/bin/../lib/gcc/arm-none-eabi/9.3.1/../../../../arm-none-eabi/lib/thumb/v7-m/nofp\libg_nano.a(lib_a-wsetup.o)
                0x08004d3c                __swsetup_r
 .text.__sflush_r
                0x08004e18      0x10c d:/progra~1/stmicr~1/stm32c~1/stm32c~1/gcc-ar~1/bin/../lib/gcc/arm-none-eabi/9.3.1/../../../../arm-none-eabi/lib/thumb/v7-m/nofp\libg_nano.a(lib_a-fflush.o)
                0x08004e18                __sflush_r
 .text._fflush_r
                0x08004f24       0x78 d:/progra~1/stmicr~1/stm32c~1/stm32c~1/gcc-ar~1/bin/../lib/gcc/arm-none-eabi/9.3.1/../../../../arm-none-eabi/lib/thumb/v7-m/nofp\libg_nano.a(lib_a-fflush.o)
                0x08004f24                _fflush_r
 .text.std      0x08004f9c       0x48 d:/progra~1/stmicr~1/stm32c~1/stm32c~1/gcc-ar~1/bin/../lib/gcc/arm-none-eabi/9.3.1/../../../../arm-none-eabi/lib/thumb/v7-m/nofp\libg_nano.a(lib_a-findfp.o)
 .text._cleanup_r
                0x08004fe4        0xc d:/progra~1/stmicr~1/stm32c~1/stm32c~1/gcc-ar~1/bin/../lib/gcc/arm-none-eabi/9.3.1/../../../../arm-none-eabi/lib/thumb/v7-m/nofp\libg_nano.a(lib_a-findfp.o)
                0x08004fe4                _cleanup_r
 .text.__sfmoreglue
                0x08004ff0       0x2c d:/progra~1/stmicr~1/stm32c~1/stm32c~1/gcc-ar~1/bin/../lib/gcc/arm-none-eabi/9.3.1/../../../../arm-none-eabi/lib/thumb/v7-m/nofp\libg_nano.a(lib_a-findfp.o)
                0x08004ff0                __sfmoreglue
 .text.__sfp_lock_acquire
                0x0800501c        0xc d:/progra~1/stmicr~1/stm32c~1/stm32c~1/gcc-ar~1/bin/../lib/gcc/arm-none-eabi/9.3.1/../../../../arm-none-eabi/lib/thumb/v7-m/nofp\libg_nano.a(lib_a-findfp.o)
                0x0800501c                __sfp_lock_acquire
 .text.__sfp_lock_release
                0x08005028        0xc d:/progra~1/stmicr~1/stm32c~1/stm32c~1/gcc-ar~1/bin/../lib/gcc/arm-none-eabi/9.3.1/../../../../arm-none-eabi/lib/thumb/v7-m/nofp\libg_nano.a(lib_a-findfp.o)
                0x08005028                __sfp_lock_release
 .text.__sinit_lock_acquire
                0x08005034        0xc d:/progra~1/stmicr~1/stm32c~1/stm32c~1/gcc-ar~1/bin/../lib/gcc/arm-none-eabi/9.3.1/../../../../arm-none-eabi/lib/thumb/v7-m/nofp\libg_nano.a(lib_a-findfp.o)
                0x08005034                __sinit_lock_acquire
 .text.__sinit_lock_release
                0x08005040        0xc d:/progra~1/stmicr~1/stm32c~1/stm32c~1/gcc-ar~1/bin/../lib/gcc/arm-none-eabi/9.3.1/../../../../arm-none-eabi/lib/thumb/v7-m/nofp\libg_nano.a(lib_a-findfp.o)
                0x08005040                __sinit_lock_release
 .text.__sinit  0x0800504c       0x70 d:/progra~1/stmicr~1/stm32c~1/stm32c~1/gcc-ar~1/bin/../lib/gcc/arm-none-eabi/9.3.1/../../../../arm-none-eabi/lib/thumb/v7-m/nofp\libg_nano.a(lib_a-findfp.o)
                0x0800504c                __sinit
 .text.__sfp    0x080050bc       0x8c d:/progra~1/stmicr~1/stm32c~1/stm32c~1/gcc-ar~1/bin/../lib/gcc/arm-none-eabi/9.3.1/../../../../arm-none-eabi/lib/thumb/v7-m/nofp\libg_nano.a(lib_a-findfp.o)
                0x080050bc                __sfp
 .text._fwalk_reent
                0x08005148       0x3e d:/progra~1/stmicr~1/stm32c~1/stm32c~1/gcc-ar~1/bin/../lib/gcc/arm-none-eabi/9.3.1/../../../../arm-none-eabi/lib/thumb/v7-m/nofp\libg_nano.a(lib_a-fwalk.o)
                0x08005148                _fwalk_reent
 .text.__retarget_lock_init_recursive
                0x08005186        0x2 d:/progra~1/stmicr~1/stm32c~1/stm32c~1/gcc-ar~1/bin/../lib/gcc/arm-none-eabi/9.3.1/../../../../arm-none-eabi/lib/thumb/v7-m/nofp\libg_nano.a(lib_a-lock.o)
                0x08005186                __retarget_lock_init_recursive
 .text.__retarget_lock_acquire_recursive
                0x08005188        0x2 d:/progra~1/stmicr~1/stm32c~1/stm32c~1/gcc-ar~1/bin/../lib/gcc/arm-none-eabi/9.3.1/../../../../arm-none-eabi/lib/thumb/v7-m/nofp\libg_nano.a(lib_a-lock.o)
                0x08005188                __retarget_lock_acquire_recursive
 .text.__retarget_lock_release_recursive
                0x0800518a        0x2 d:/progra~1/stmicr~1/stm32c~1/stm32c~1/gcc-ar~1/bin/../lib/gcc/arm-none-eabi/9.3.1/../../../../arm-none-eabi/lib/thumb/v7-m/nofp\libg_nano.a(lib_a-lock.o)
                0x0800518a                __retarget_lock_release_recursive
 .text.__swhatbuf_r
                0x0800518c       0x48 d:/progra~1/stmicr~1/stm32c~1/stm32c~1/gcc-ar~1/bin/../lib/gcc/arm-none-eabi/9.3.1/../../../../arm-none-eabi/lib/thumb/v7-m/nofp\libg_nano.a(lib_a-makebuf.o)
                0x0800518c                __swhatbuf_r
 .text.__smakebuf_r
                0x080051d4       0x80 d:/progra~1/stmicr~1/stm32c~1/stm32c~1/gcc-ar~1/bin/../lib/gcc/arm-none-eabi/9.3.1/../../../../arm-none-eabi/lib/thumb/v7-m/nofp\libg_nano.a(lib_a-makebuf.o)
                0x080051d4                __smakebuf_r
 .text._free_r  0x08005254       0x98 d:/progra~1/stmicr~1/stm32c~1/stm32c~1/gcc-ar~1/bin/../lib/gcc/arm-none-eabi/9.3.1/../../../../arm-none-eabi/lib/thumb/v7-m/nofp\libg_nano.a(lib_a-nano-freer.o)
                0x08005254                _free_r
 .text._malloc_r
                0x080052ec       0xb4 d:/progra~1/stmicr~1/stm32c~1/stm32c~1/gcc-ar~1/bin/../lib/gcc/arm-none-eabi/9.3.1/../../../../arm-none-eabi/lib/thumb/v7-m/nofp\libg_nano.a(lib_a-nano-mallocr.o)
                0x080052ec                _malloc_r
 .text.__sfputc_r
                0x080053a0       0x2a d:/progra~1/stmicr~1/stm32c~1/stm32c~1/gcc-ar~1/bin/../lib/gcc/arm-none-eabi/9.3.1/../../../../arm-none-eabi/lib/thumb/v7-m/nofp\libg_nano.a(lib_a-nano-vfprintf.o)
 .text.__sfputs_r
                0x080053ca       0x24 d:/progra~1/stmicr~1/stm32c~1/stm32c~1/gcc-ar~1/bin/../lib/gcc/arm-none-eabi/9.3.1/../../../../arm-none-eabi/lib/thumb/v7-m/nofp\libg_nano.a(lib_a-nano-vfprintf.o)
                0x080053ca                __sfputs_r
 *fill*         0x080053ee        0x2 
 .text._vfprintf_r
                0x080053f0      0x260 d:/progra~1/stmicr~1/stm32c~1/stm32c~1/gcc-ar~1/bin/../lib/gcc/arm-none-eabi/9.3.1/../../../../arm-none-eabi/lib/thumb/v7-m/nofp\libg_nano.a(lib_a-nano-vfprintf.o)
                0x080053f0                _vfprintf_r
                0x080053f0                _vfiprintf_r
 .text._printf_common
                0x08005650       0xde d:/progra~1/stmicr~1/stm32c~1/stm32c~1/gcc-ar~1/bin/../lib/gcc/arm-none-eabi/9.3.1/../../../../arm-none-eabi/lib/thumb/v7-m/nofp\libg_nano.a(lib_a-nano-vfprintf_i.o)
                0x08005650                _printf_common
 *fill*         0x0800572e        0x2 
 .text._printf_i
                0x08005730      0x24c d:/progra~1/stmicr~1/stm32c~1/stm32c~1/gcc-ar~1/bin/../lib/gcc/arm-none-eabi/9.3.1/../../../../arm-none-eabi/lib/thumb/v7-m/nofp\libg_nano.a(lib_a-nano-vfprintf_i.o)
                0x08005730                _printf_i
 .text._sbrk_r  0x0800597c       0x20 d:/progra~1/stmicr~1/stm32c~1/stm32c~1/gcc-ar~1/bin/../lib/gcc/arm-none-eabi/9.3.1/../../../../arm-none-eabi/lib/thumb/v7-m/nofp\libg_nano.a(lib_a-sbrkr.o)
                0x0800597c                _sbrk_r
 .text.__sread  0x0800599c       0x22 d:/progra~1/stmicr~1/stm32c~1/stm32c~1/gcc-ar~1/bin/../lib/gcc/arm-none-eabi/9.3.1/../../../../arm-none-eabi/lib/thumb/v7-m/nofp\libg_nano.a(lib_a-stdio.o)
                0x0800599c                __sread
 .text.__swrite
                0x080059be       0x38 d:/progra~1/stmicr~1/stm32c~1/stm32c~1/gcc-ar~1/bin/../lib/gcc/arm-none-eabi/9.3.1/../../../../arm-none-eabi/lib/thumb/v7-m/nofp\libg_nano.a(lib_a-stdio.o)
                0x080059be                __swrite
 .text.__sseek  0x080059f6       0x24 d:/progra~1/stmicr~1/stm32c~1/stm32c~1/gcc-ar~1/bin/../lib/gcc/arm-none-eabi/9.3.1/../../../../arm-none-eabi/lib/thumb/v7-m/nofp\libg_nano.a(lib_a-stdio.o)
                0x080059f6                __sseek
 .text.__sclose
                0x08005a1a        0x8 d:/progra~1/stmicr~1/stm32c~1/stm32c~1/gcc-ar~1/bin/../lib/gcc/arm-none-eabi/9.3.1/../../../../arm-none-eabi/lib/thumb/v7-m/nofp\libg_nano.a(lib_a-stdio.o)
                0x08005a1a                __sclose
 *fill*         0x08005a22        0x2 
 .text._write_r
                0x08005a24       0x24 d:/progra~1/stmicr~1/stm32c~1/stm32c~1/gcc-ar~1/bin/../lib/gcc/arm-none-eabi/9.3.1/../../../../arm-none-eabi/lib/thumb/v7-m/nofp\libg_nano.a(lib_a-writer.o)
                0x08005a24                _write_r
 .text._close_r
                0x08005a48       0x20 d:/progra~1/stmicr~1/stm32c~1/stm32c~1/gcc-ar~1/bin/../lib/gcc/arm-none-eabi/9.3.1/../../../../arm-none-eabi/lib/thumb/v7-m/nofp\libg_nano.a(lib_a-closer.o)
                0x08005a48                _close_r
 .text._fstat_r
                0x08005a68       0x24 d:/progra~1/stmicr~1/stm32c~1/stm32c~1/gcc-ar~1/bin/../lib/gcc/arm-none-eabi/9.3.1/../../../../arm-none-eabi/lib/thumb/v7-m/nofp\libg_nano.a(lib_a-fstatr.o)
                0x08005a68                _fstat_r
 .text._isatty_r
                0x08005a8c       0x20 d:/progra~1/stmicr~1/stm32c~1/stm32c~1/gcc-ar~1/bin/../lib/gcc/arm-none-eabi/9.3.1/../../../../arm-none-eabi/lib/thumb/v7-m/nofp\libg_nano.a(lib_a-isattyr.o)
                0x08005a8c                _isatty_r
 .text._lseek_r
                0x08005aac       0x24 d:/progra~1/stmicr~1/stm32c~1/stm32c~1/gcc-ar~1/bin/../lib/gcc/arm-none-eabi/9.3.1/../../../../arm-none-eabi/lib/thumb/v7-m/nofp\libg_nano.a(lib_a-lseekr.o)
                0x08005aac                _lseek_r
 .text.memchr   0x08005ad0       0x1c d:/progra~1/stmicr~1/stm32c~1/stm32c~1/gcc-ar~1/bin/../lib/gcc/arm-none-eabi/9.3.1/../../../../arm-none-eabi/lib/thumb/v7-m/nofp\libg_nano.a(lib_a-memchr-stub.o)
                0x08005ad0                memchr
 .text.__malloc_lock
                0x08005aec        0xc d:/progra~1/stmicr~1/stm32c~1/stm32c~1/gcc-ar~1/bin/../lib/gcc/arm-none-eabi/9.3.1/../../../../arm-none-eabi/lib/thumb/v7-m/nofp\libg_nano.a(lib_a-mlock.o)
                0x08005aec                __malloc_lock
 .text.__malloc_unlock
                0x08005af8        0xc d:/progra~1/stmicr~1/stm32c~1/stm32c~1/gcc-ar~1/bin/../lib/gcc/arm-none-eabi/9.3.1/../../../../arm-none-eabi/lib/thumb/v7-m/nofp\libg_nano.a(lib_a-mlock.o)
                0x08005af8                __malloc_unlock
 .text._read_r  0x08005b04       0x24 d:/progra~1/stmicr~1/stm32c~1/stm32c~1/gcc-ar~1/bin/../lib/gcc/arm-none-eabi/9.3.1/../../../../arm-none-eabi/lib/thumb/v7-m/nofp\libg_nano.a(lib_a-readr.o)
                0x08005b04                _read_r
 *(.glue_7)
 .glue_7        0x08005b28        0x0 linker stubs
 *(.glue_7t)
 .glue_7t       0x08005b28        0x0 linker stubs
 *(.eh_frame)
 .eh_frame      0x08005b28        0x0 d:/progra~1/stmicr~1/stm32c~1/stm32c~1/gcc-ar~1/bin/../lib/gcc/arm-none-eabi/9.3.1/thumb/v7-m/nofp/crtbegin.o
 *(.init)
 .init          0x08005b28        0x4 d:/progra~1/stmicr~1/stm32c~1/stm32c~1/gcc-ar~1/bin/../lib/gcc/arm-none-eabi/9.3.1/thumb/v7-m/nofp/crti.o
                0x08005b28                _init
 .init          0x08005b2c        0x8 d:/progra~1/stmicr~1/stm32c~1/stm32c~1/gcc-ar~1/bin/../lib/gcc/arm-none-eabi/9.3.1/thumb/v7-m/nofp/crtn.o
 *(.fini)
 .fini          0x08005b34        0x4 d:/progra~1/stmicr~1/stm32c~1/stm32c~1/gcc-ar~1/bin/../lib/gcc/arm-none-eabi/9.3.1/thumb/v7-m/nofp/crti.o
                0x08005b34                _fini
 .fini          0x08005b38        0x8 d:/progra~1/stmicr~1/stm32c~1/stm32c~1/gcc-ar~1/bin/../lib/gcc/arm-none-eabi/9.3.1/thumb/v7-m/nofp/crtn.o
                0x08005b40                . = ALIGN (0x4)
                0x08005b40                _etext = .

.vfp11_veneer   0x08005b40        0x0
 .vfp11_veneer  0x08005b40        0x0 linker stubs

.v4_bx          0x08005b40        0x0
 .v4_bx         0x08005b40        0x0 linker stubs

.iplt           0x08005b40        0x0
 .iplt          0x08005b40        0x0 d:/progra~1/stmicr~1/stm32c~1/stm32c~1/gcc-ar~1/bin/../lib/gcc/arm-none-eabi/9.3.1/thumb/v7-m/nofp/crtbegin.o

.rodata         0x08005b40      0x1c8
                0x08005b40                . = ALIGN (0x4)
 *(.rodata)
 .rodata        0x08005b40       0x10 CMakeFiles/f1_demo.elf.dir/Drivers/STM32F1xx_HAL_Driver/Src/stm32f1xx_hal_rcc.c.obj
 .rodata        0x08005b50        0x5 CMakeFiles/f1_demo.elf.dir/Middlewares/Third_Party/FreeRTOS/Source/tasks.c.obj
 *fill*         0x08005b55        0x3 
 .rodata        0x08005b58       0xf8 CMakeFiles/f1_demo.elf.dir/Src/freertos.c.obj
 .rodata        0x08005c50        0x5 CMakeFiles/f1_demo.elf.dir/Src/main.c.obj
 *(.rodata*)
 *fill*         0x08005c55        0x3 
 .rodata.AHBPrescTable
                0x08005c58       0x10 CMakeFiles/f1_demo.elf.dir/Src/system_stm32f1xx.c.obj
                0x08005c58                AHBPrescTable
 .rodata.APBPrescTable
                0x08005c68        0x8 CMakeFiles/f1_demo.elf.dir/Src/system_stm32f1xx.c.obj
                0x08005c68                APBPrescTable
 .rodata._global_impure_ptr
                0x08005c70        0x4 d:/progra~1/stmicr~1/stm32c~1/stm32c~1/gcc-ar~1/bin/../lib/gcc/arm-none-eabi/9.3.1/../../../../arm-none-eabi/lib/thumb/v7-m/nofp\libg_nano.a(lib_a-impure.o)
                0x08005c70                _global_impure_ptr
 .rodata.__sf_fake_stderr
                0x08005c74       0x20 d:/progra~1/stmicr~1/stm32c~1/stm32c~1/gcc-ar~1/bin/../lib/gcc/arm-none-eabi/9.3.1/../../../../arm-none-eabi/lib/thumb/v7-m/nofp\libg_nano.a(lib_a-findfp.o)
                0x08005c74                __sf_fake_stderr
 .rodata.__sf_fake_stdin
                0x08005c94       0x20 d:/progra~1/stmicr~1/stm32c~1/stm32c~1/gcc-ar~1/bin/../lib/gcc/arm-none-eabi/9.3.1/../../../../arm-none-eabi/lib/thumb/v7-m/nofp\libg_nano.a(lib_a-findfp.o)
                0x08005c94                __sf_fake_stdin
 .rodata.__sf_fake_stdout
                0x08005cb4       0x20 d:/progra~1/stmicr~1/stm32c~1/stm32c~1/gcc-ar~1/bin/../lib/gcc/arm-none-eabi/9.3.1/../../../../arm-none-eabi/lib/thumb/v7-m/nofp\libg_nano.a(lib_a-findfp.o)
                0x08005cb4                __sf_fake_stdout
 .rodata._vfprintf_r.str1.1
                0x08005cd4       0x11 d:/progra~1/stmicr~1/stm32c~1/stm32c~1/gcc-ar~1/bin/../lib/gcc/arm-none-eabi/9.3.1/../../../../arm-none-eabi/lib/thumb/v7-m/nofp\libg_nano.a(lib_a-nano-vfprintf.o)
 .rodata._printf_i.str1.1
                0x08005ce5       0x22 d:/progra~1/stmicr~1/stm32c~1/stm32c~1/gcc-ar~1/bin/../lib/gcc/arm-none-eabi/9.3.1/../../../../arm-none-eabi/lib/thumb/v7-m/nofp\libg_nano.a(lib_a-nano-vfprintf_i.o)
                0x08005d08                . = ALIGN (0x4)
 *fill*         0x08005d07        0x1 

.rel.dyn        0x08005d08        0x0
 .rel.iplt      0x08005d08        0x0 d:/progra~1/stmicr~1/stm32c~1/stm32c~1/gcc-ar~1/bin/../lib/gcc/arm-none-eabi/9.3.1/thumb/v7-m/nofp/crtbegin.o

.ARM.extab
 *(.ARM.extab* .gnu.linkonce.armextab.*)

.ARM            0x08005d08        0x0
                0x08005d08                __exidx_start = .
 *(.ARM.exidx*)
                0x08005d08                __exidx_end = .

.preinit_array  0x08005d08        0x0
                0x08005d08                PROVIDE (__preinit_array_start = .)
 *(.preinit_array*)
                0x08005d08                PROVIDE (__preinit_array_end = .)

.init_array     0x08005d08        0x4
                0x08005d08                PROVIDE (__init_array_start = .)
 *(SORT_BY_NAME(.init_array.*))
 *(.init_array*)
 .init_array    0x08005d08        0x4 d:/progra~1/stmicr~1/stm32c~1/stm32c~1/gcc-ar~1/bin/../lib/gcc/arm-none-eabi/9.3.1/thumb/v7-m/nofp/crtbegin.o
                0x08005d0c                PROVIDE (__init_array_end = .)

.fini_array     0x08005d0c        0x4
                [!provide]                PROVIDE (__fini_array_start = .)
 *(SORT_BY_NAME(.fini_array.*))
 *(.fini_array*)
 .fini_array    0x08005d0c        0x4 d:/progra~1/stmicr~1/stm32c~1/stm32c~1/gcc-ar~1/bin/../lib/gcc/arm-none-eabi/9.3.1/thumb/v7-m/nofp/crtbegin.o
                [!provide]                PROVIDE (__fini_array_end = .)
                0x08005d10                _sidata = LOADADDR (.data)

.data           0x20000000       0x74 load address 0x08005d10
                0x20000000                . = ALIGN (0x4)
                0x20000000                _sdata = .
 *(.data)
 *(.data*)
 .data.uwTickPrio
                0x20000000        0x4 CMakeFiles/f1_demo.elf.dir/Drivers/STM32F1xx_HAL_Driver/Src/stm32f1xx_hal.c.obj
                0x20000000                uwTickPrio
 .data.uwTickFreq
                0x20000004        0x1 CMakeFiles/f1_demo.elf.dir/Drivers/STM32F1xx_HAL_Driver/Src/stm32f1xx_hal.c.obj
                0x20000004                uwTickFreq
 *fill*         0x20000005        0x3 
 .data.uxCriticalNesting
                0x20000008        0x4 CMakeFiles/f1_demo.elf.dir/Middlewares/Third_Party/FreeRTOS/Source/portable/GCC/ARM_CM3/port.c.obj
 .data.SystemCoreClock
                0x2000000c        0x4 CMakeFiles/f1_demo.elf.dir/Src/system_stm32f1xx.c.obj
                0x2000000c                SystemCoreClock
 .data._impure_ptr
                0x20000010        0x4 d:/progra~1/stmicr~1/stm32c~1/stm32c~1/gcc-ar~1/bin/../lib/gcc/arm-none-eabi/9.3.1/../../../../arm-none-eabi/lib/thumb/v7-m/nofp\libg_nano.a(lib_a-impure.o)
                0x20000010                _impure_ptr
 .data.impure_data
                0x20000014       0x60 d:/progra~1/stmicr~1/stm32c~1/stm32c~1/gcc-ar~1/bin/../lib/gcc/arm-none-eabi/9.3.1/../../../../arm-none-eabi/lib/thumb/v7-m/nofp\libg_nano.a(lib_a-impure.o)
                0x20000074                . = ALIGN (0x4)
                0x20000074                _edata = .

.igot.plt       0x20000074        0x0 load address 0x08005d84
 .igot.plt      0x20000074        0x0 d:/progra~1/stmicr~1/stm32c~1/stm32c~1/gcc-ar~1/bin/../lib/gcc/arm-none-eabi/9.3.1/thumb/v7-m/nofp/crtbegin.o
                0x20000074                . = ALIGN (0x4)

.bss            0x20000074     0x1140 load address 0x08005d84
                0x20000074                _sbss = .
                0x20000074                __bss_start__ = _sbss
 *(.bss)
 .bss           0x20000074       0x1c d:/progra~1/stmicr~1/stm32c~1/stm32c~1/gcc-ar~1/bin/../lib/gcc/arm-none-eabi/9.3.1/thumb/v7-m/nofp/crtbegin.o
 *(.bss*)
 .bss.uwTick    0x20000090        0x4 CMakeFiles/f1_demo.elf.dir/Drivers/STM32F1xx_HAL_Driver/Src/stm32f1xx_hal.c.obj
                0x20000090                uwTick
 .bss.ucMaxSysCallPriority
                0x20000094        0x1 CMakeFiles/f1_demo.elf.dir/Middlewares/Third_Party/FreeRTOS/Source/portable/GCC/ARM_CM3/port.c.obj
 *fill*         0x20000095        0x3 
 .bss.ulMaxPRIGROUPValue
                0x20000098        0x4 CMakeFiles/f1_demo.elf.dir/Middlewares/Third_Party/FreeRTOS/Source/portable/GCC/ARM_CM3/port.c.obj
 .bss.ucHeap    0x2000009c      0xc00 CMakeFiles/f1_demo.elf.dir/Middlewares/Third_Party/FreeRTOS/Source/portable/MemMang/heap_4.c.obj
 .bss.xStart    0x20000c9c        0x8 CMakeFiles/f1_demo.elf.dir/Middlewares/Third_Party/FreeRTOS/Source/portable/MemMang/heap_4.c.obj
 .bss.pxEnd     0x20000ca4        0x4 CMakeFiles/f1_demo.elf.dir/Middlewares/Third_Party/FreeRTOS/Source/portable/MemMang/heap_4.c.obj
 .bss.xFreeBytesRemaining
                0x20000ca8        0x4 CMakeFiles/f1_demo.elf.dir/Middlewares/Third_Party/FreeRTOS/Source/portable/MemMang/heap_4.c.obj
 .bss.xMinimumEverFreeBytesRemaining
                0x20000cac        0x4 CMakeFiles/f1_demo.elf.dir/Middlewares/Third_Party/FreeRTOS/Source/portable/MemMang/heap_4.c.obj
 .bss.xBlockAllocatedBit
                0x20000cb0        0x4 CMakeFiles/f1_demo.elf.dir/Middlewares/Third_Party/FreeRTOS/Source/portable/MemMang/heap_4.c.obj
 .bss.pxCurrentTCB
                0x20000cb4        0x4 CMakeFiles/f1_demo.elf.dir/Middlewares/Third_Party/FreeRTOS/Source/tasks.c.obj
                0x20000cb4                pxCurrentTCB
 .bss.pxReadyTasksLists
                0x20000cb8       0x8c CMakeFiles/f1_demo.elf.dir/Middlewares/Third_Party/FreeRTOS/Source/tasks.c.obj
 .bss.xDelayedTaskList1
                0x20000d44       0x14 CMakeFiles/f1_demo.elf.dir/Middlewares/Third_Party/FreeRTOS/Source/tasks.c.obj
 .bss.xDelayedTaskList2
                0x20000d58       0x14 CMakeFiles/f1_demo.elf.dir/Middlewares/Third_Party/FreeRTOS/Source/tasks.c.obj
 .bss.pxDelayedTaskList
                0x20000d6c        0x4 CMakeFiles/f1_demo.elf.dir/Middlewares/Third_Party/FreeRTOS/Source/tasks.c.obj
 .bss.pxOverflowDelayedTaskList
                0x20000d70        0x4 CMakeFiles/f1_demo.elf.dir/Middlewares/Third_Party/FreeRTOS/Source/tasks.c.obj
 .bss.xPendingReadyList
                0x20000d74       0x14 CMakeFiles/f1_demo.elf.dir/Middlewares/Third_Party/FreeRTOS/Source/tasks.c.obj
 .bss.xTasksWaitingTermination
                0x20000d88       0x14 CMakeFiles/f1_demo.elf.dir/Middlewares/Third_Party/FreeRTOS/Source/tasks.c.obj
 .bss.uxDeletedTasksWaitingCleanUp
                0x20000d9c        0x4 CMakeFiles/f1_demo.elf.dir/Middlewares/Third_Party/FreeRTOS/Source/tasks.c.obj
 .bss.xSuspendedTaskList
                0x20000da0       0x14 CMakeFiles/f1_demo.elf.dir/Middlewares/Third_Party/FreeRTOS/Source/tasks.c.obj
 .bss.uxCurrentNumberOfTasks
                0x20000db4        0x4 CMakeFiles/f1_demo.elf.dir/Middlewares/Third_Party/FreeRTOS/Source/tasks.c.obj
 .bss.xTickCount
                0x20000db8        0x4 CMakeFiles/f1_demo.elf.dir/Middlewares/Third_Party/FreeRTOS/Source/tasks.c.obj
 .bss.uxTopReadyPriority
                0x20000dbc        0x4 CMakeFiles/f1_demo.elf.dir/Middlewares/Third_Party/FreeRTOS/Source/tasks.c.obj
 .bss.xSchedulerRunning
                0x20000dc0        0x4 CMakeFiles/f1_demo.elf.dir/Middlewares/Third_Party/FreeRTOS/Source/tasks.c.obj
 .bss.uxPendedTicks
                0x20000dc4        0x4 CMakeFiles/f1_demo.elf.dir/Middlewares/Third_Party/FreeRTOS/Source/tasks.c.obj
 .bss.xYieldPending
                0x20000dc8        0x4 CMakeFiles/f1_demo.elf.dir/Middlewares/Third_Party/FreeRTOS/Source/tasks.c.obj
 .bss.xNumOfOverflows
                0x20000dcc        0x4 CMakeFiles/f1_demo.elf.dir/Middlewares/Third_Party/FreeRTOS/Source/tasks.c.obj
 .bss.uxTaskNumber
                0x20000dd0        0x4 CMakeFiles/f1_demo.elf.dir/Middlewares/Third_Party/FreeRTOS/Source/tasks.c.obj
 .bss.xNextTaskUnblockTime
                0x20000dd4        0x4 CMakeFiles/f1_demo.elf.dir/Middlewares/Third_Party/FreeRTOS/Source/tasks.c.obj
 .bss.xIdleTaskHandle
                0x20000dd8        0x4 CMakeFiles/f1_demo.elf.dir/Middlewares/Third_Party/FreeRTOS/Source/tasks.c.obj
 .bss.uxSchedulerSuspended
                0x20000ddc        0x4 CMakeFiles/f1_demo.elf.dir/Middlewares/Third_Party/FreeRTOS/Source/tasks.c.obj
 .bss.keys      0x20000de0        0x6 CMakeFiles/f1_demo.elf.dir/Src/KeyBoard.c.obj
                0x20000de0                keys
 .bss.ask_runnum
                0x20000de6        0x1 CMakeFiles/f1_demo.elf.dir/Src/Tx433Lin.c.obj
                0x20000de6                ask_runnum
 .bss.ask_step  0x20000de7        0x1 CMakeFiles/f1_demo.elf.dir/Src/Tx433Lin.c.obj
                0x20000de7                ask_step
 .bss.ask_count
                0x20000de8        0x2 CMakeFiles/f1_demo.elf.dir/Src/Tx433Lin.c.obj
                0x20000de8                ask_count
 .bss.data_num  0x20000dea        0x1 CMakeFiles/f1_demo.elf.dir/Src/Tx433Lin.c.obj
                0x20000dea                data_num
 .bss.data_count
                0x20000deb        0x1 CMakeFiles/f1_demo.elf.dir/Src/Tx433Lin.c.obj
                0x20000deb                data_count
 .bss.irDat     0x20000dec        0x6 CMakeFiles/f1_demo.elf.dir/Src/Tx433Remote.c.obj
                0x20000dec                irDat
 *fill*         0x20000df2        0x2 
 .bss.defaultTaskHandle
                0x20000df4        0x4 CMakeFiles/f1_demo.elf.dir/Src/freertos.c.obj
                0x20000df4                defaultTaskHandle
 .bss.KEY_SCANHandle
                0x20000df8        0x4 CMakeFiles/f1_demo.elf.dir/Src/freertos.c.obj
                0x20000df8                KEY_SCANHandle
 .bss.KEY_MENUHandle
                0x20000dfc        0x4 CMakeFiles/f1_demo.elf.dir/Src/freertos.c.obj
                0x20000dfc                KEY_MENUHandle
 .bss.keyNumHandle
                0x20000e00        0x4 CMakeFiles/f1_demo.elf.dir/Src/freertos.c.obj
                0x20000e00                keyNumHandle
 .bss.xIdleTaskTCBBuffer
                0x20000e04       0x54 CMakeFiles/f1_demo.elf.dir/Src/freertos.c.obj
 .bss.xIdleStack
                0x20000e58      0x200 CMakeFiles/f1_demo.elf.dir/Src/freertos.c.obj
 .bss.NLF       0x20001058       0x80 CMakeFiles/f1_demo.elf.dir/Src/keeloq_lock.c.obj
                0x20001058                NLF
 .bss.htim2     0x200010d8       0x40 CMakeFiles/f1_demo.elf.dir/Src/stm32f1xx_hal_timebase_tim.c.obj
                0x200010d8                htim2
 .bss.heap_end.6026
                0x20001118        0x4 CMakeFiles/f1_demo.elf.dir/Src/syscalls.c.obj
 .bss.htim3     0x2000111c       0x40 CMakeFiles/f1_demo.elf.dir/Src/tim.c.obj
                0x2000111c                htim3
 .bss.huart1    0x2000115c       0x40 CMakeFiles/f1_demo.elf.dir/Src/usart.c.obj
                0x2000115c                huart1
 .bss.__malloc_free_list
                0x2000119c        0x4 d:/progra~1/stmicr~1/stm32c~1/stm32c~1/gcc-ar~1/bin/../lib/gcc/arm-none-eabi/9.3.1/../../../../arm-none-eabi/lib/thumb/v7-m/nofp\libg_nano.a(lib_a-nano-mallocr.o)
                0x2000119c                __malloc_free_list
 .bss.__malloc_sbrk_start
                0x200011a0        0x4 d:/progra~1/stmicr~1/stm32c~1/stm32c~1/gcc-ar~1/bin/../lib/gcc/arm-none-eabi/9.3.1/../../../../arm-none-eabi/lib/thumb/v7-m/nofp\libg_nano.a(lib_a-nano-mallocr.o)
                0x200011a0                __malloc_sbrk_start
 *(COMMON)
 COMMON         0x200011a4        0x9 d:/progra~1/stmicr~1/stm32c~1/stm32c~1/gcc-ar~1/bin/../lib/gcc/arm-none-eabi/9.3.1/../../../../arm-none-eabi/lib/thumb/v7-m/nofp\libg_nano.a(lib_a-lock.o)
                0x200011a4                __lock___atexit_recursive_mutex
                0x200011a5                __lock___arc4random_mutex
                0x200011a6                __lock___env_recursive_mutex
                0x200011a7                __lock___sinit_recursive_mutex
                0x200011a8                __lock___malloc_recursive_mutex
                0x200011a9                __lock___at_quick_exit_mutex
                0x200011aa                __lock___dd_hash_mutex
                0x200011ab                __lock___tz_mutex
                0x200011ac                __lock___sfp_recursive_mutex
 *fill*         0x200011ad        0x3 
 COMMON         0x200011b0        0x4 d:/progra~1/stmicr~1/stm32c~1/stm32c~1/gcc-ar~1/bin/../lib/gcc/arm-none-eabi/9.3.1/../../../../arm-none-eabi/lib/thumb/v7-m/nofp\libg_nano.a(lib_a-reent.o)
                0x200011b0                errno
                0x200011b4                . = ALIGN (0x4)
                0x200011b4                _ebss = .
                0x200011b4                __bss_end__ = _ebss

._user_heap_stack
                0x200011b4      0x604 load address 0x08005d84
                0x200011b8                . = ALIGN (0x8)
 *fill*         0x200011b4        0x4 
                0x200011b8                PROVIDE (end = .)
                [!provide]                PROVIDE (_end = .)
                0x200013b8                . = (. + _Min_Heap_Size)
 *fill*         0x200011b8      0x200 
                0x200017b8                . = (. + _Min_Stack_Size)
 *fill*         0x200013b8      0x400 
                0x200017b8                . = ALIGN (0x8)

/DISCARD/
 libc.a(*)
 libm.a(*)
 libgcc.a(*)

.ARM.attributes
                0x00000000       0x29
 *(.ARM.attributes)
 .ARM.attributes
                0x00000000       0x1d d:/progra~1/stmicr~1/stm32c~1/stm32c~1/gcc-ar~1/bin/../lib/gcc/arm-none-eabi/9.3.1/thumb/v7-m/nofp/crti.o
 .ARM.attributes
                0x0000001d       0x2d d:/progra~1/stmicr~1/stm32c~1/stm32c~1/gcc-ar~1/bin/../lib/gcc/arm-none-eabi/9.3.1/thumb/v7-m/nofp/crtbegin.o
 .ARM.attributes
                0x0000004a       0x2d CMakeFiles/f1_demo.elf.dir/Drivers/STM32F1xx_HAL_Driver/Src/stm32f1xx_hal.c.obj
 .ARM.attributes
                0x00000077       0x2d CMakeFiles/f1_demo.elf.dir/Drivers/STM32F1xx_HAL_Driver/Src/stm32f1xx_hal_cortex.c.obj
 .ARM.attributes
                0x000000a4       0x2d CMakeFiles/f1_demo.elf.dir/Drivers/STM32F1xx_HAL_Driver/Src/stm32f1xx_hal_gpio.c.obj
 .ARM.attributes
                0x000000d1       0x2d CMakeFiles/f1_demo.elf.dir/Drivers/STM32F1xx_HAL_Driver/Src/stm32f1xx_hal_rcc.c.obj
 .ARM.attributes
                0x000000fe       0x2d CMakeFiles/f1_demo.elf.dir/Drivers/STM32F1xx_HAL_Driver/Src/stm32f1xx_hal_tim.c.obj
 .ARM.attributes
                0x0000012b       0x2d CMakeFiles/f1_demo.elf.dir/Drivers/STM32F1xx_HAL_Driver/Src/stm32f1xx_hal_tim_ex.c.obj
 .ARM.attributes
                0x00000158       0x2d CMakeFiles/f1_demo.elf.dir/Drivers/STM32F1xx_HAL_Driver/Src/stm32f1xx_hal_uart.c.obj
 .ARM.attributes
                0x00000185       0x2d CMakeFiles/f1_demo.elf.dir/Middlewares/Third_Party/FreeRTOS/Source/CMSIS_RTOS/cmsis_os.c.obj
 .ARM.attributes
                0x000001b2       0x2d CMakeFiles/f1_demo.elf.dir/Middlewares/Third_Party/FreeRTOS/Source/list.c.obj
 .ARM.attributes
                0x000001df       0x2d CMakeFiles/f1_demo.elf.dir/Middlewares/Third_Party/FreeRTOS/Source/portable/GCC/ARM_CM3/port.c.obj
 .ARM.attributes
                0x0000020c       0x2d CMakeFiles/f1_demo.elf.dir/Middlewares/Third_Party/FreeRTOS/Source/portable/MemMang/heap_4.c.obj
 .ARM.attributes
                0x00000239       0x2d CMakeFiles/f1_demo.elf.dir/Middlewares/Third_Party/FreeRTOS/Source/queue.c.obj
 .ARM.attributes
                0x00000266       0x2d CMakeFiles/f1_demo.elf.dir/Middlewares/Third_Party/FreeRTOS/Source/tasks.c.obj
 .ARM.attributes
                0x00000293       0x2d CMakeFiles/f1_demo.elf.dir/Src/KeyBoard.c.obj
 .ARM.attributes
                0x000002c0       0x2d CMakeFiles/f1_demo.elf.dir/Src/Tx433Lin.c.obj
 .ARM.attributes
                0x000002ed       0x2d CMakeFiles/f1_demo.elf.dir/Src/Tx433Remote.c.obj
 .ARM.attributes
                0x0000031a       0x2d CMakeFiles/f1_demo.elf.dir/Src/freertos.c.obj
 .ARM.attributes
                0x00000347       0x2d CMakeFiles/f1_demo.elf.dir/Src/gpio.c.obj
 .ARM.attributes
                0x00000374       0x2d CMakeFiles/f1_demo.elf.dir/Src/keeloq_lock.c.obj
 .ARM.attributes
                0x000003a1       0x2d CMakeFiles/f1_demo.elf.dir/Src/main.c.obj
 .ARM.attributes
                0x000003ce       0x2d CMakeFiles/f1_demo.elf.dir/Src/stm32f1xx_hal_msp.c.obj
 .ARM.attributes
                0x000003fb       0x2d CMakeFiles/f1_demo.elf.dir/Src/stm32f1xx_hal_timebase_tim.c.obj
 .ARM.attributes
                0x00000428       0x2d CMakeFiles/f1_demo.elf.dir/Src/stm32f1xx_it.c.obj
 .ARM.attributes
                0x00000455       0x2d CMakeFiles/f1_demo.elf.dir/Src/syscalls.c.obj
 .ARM.attributes
                0x00000482       0x2d CMakeFiles/f1_demo.elf.dir/Src/system_stm32f1xx.c.obj
 .ARM.attributes
                0x000004af       0x2d CMakeFiles/f1_demo.elf.dir/Src/tim.c.obj
 .ARM.attributes
                0x000004dc       0x2d CMakeFiles/f1_demo.elf.dir/Src/usart.c.obj
 .ARM.attributes
                0x00000509       0x21 CMakeFiles/f1_demo.elf.dir/startup/startup_stm32f103xb.s.obj
 .ARM.attributes
                0x0000052a       0x2d d:/progra~1/stmicr~1/stm32c~1/stm32c~1/gcc-ar~1/bin/../lib/gcc/arm-none-eabi/9.3.1/../../../../arm-none-eabi/lib/thumb/v7-m/nofp\libg_nano.a(lib_a-errno.o)
 .ARM.attributes
                0x00000557       0x2d d:/progra~1/stmicr~1/stm32c~1/stm32c~1/gcc-ar~1/bin/../lib/gcc/arm-none-eabi/9.3.1/../../../../arm-none-eabi/lib/thumb/v7-m/nofp\libg_nano.a(lib_a-impure.o)
 .ARM.attributes
                0x00000584       0x2d d:/progra~1/stmicr~1/stm32c~1/stm32c~1/gcc-ar~1/bin/../lib/gcc/arm-none-eabi/9.3.1/../../../../arm-none-eabi/lib/thumb/v7-m/nofp\libg_nano.a(lib_a-init.o)
 .ARM.attributes
                0x000005b1       0x2d d:/progra~1/stmicr~1/stm32c~1/stm32c~1/gcc-ar~1/bin/../lib/gcc/arm-none-eabi/9.3.1/../../../../arm-none-eabi/lib/thumb/v7-m/nofp\libg_nano.a(lib_a-memcpy-stub.o)
 .ARM.attributes
                0x000005de       0x2d d:/progra~1/stmicr~1/stm32c~1/stm32c~1/gcc-ar~1/bin/../lib/gcc/arm-none-eabi/9.3.1/../../../../arm-none-eabi/lib/thumb/v7-m/nofp\libg_nano.a(lib_a-memset.o)
 .ARM.attributes
                0x0000060b       0x2d d:/progra~1/stmicr~1/stm32c~1/stm32c~1/gcc-ar~1/bin/../lib/gcc/arm-none-eabi/9.3.1/../../../../arm-none-eabi/lib/thumb/v7-m/nofp\libg_nano.a(lib_a-printf.o)
 .ARM.attributes
                0x00000638       0x2d d:/progra~1/stmicr~1/stm32c~1/stm32c~1/gcc-ar~1/bin/../lib/gcc/arm-none-eabi/9.3.1/../../../../arm-none-eabi/lib/thumb/v7-m/nofp\libg_nano.a(lib_a-puts.o)
 .ARM.attributes
                0x00000665       0x2d d:/progra~1/stmicr~1/stm32c~1/stm32c~1/gcc-ar~1/bin/../lib/gcc/arm-none-eabi/9.3.1/../../../../arm-none-eabi/lib/thumb/v7-m/nofp\libg_nano.a(lib_a-wbuf.o)
 .ARM.attributes
                0x00000692       0x2d d:/progra~1/stmicr~1/stm32c~1/stm32c~1/gcc-ar~1/bin/../lib/gcc/arm-none-eabi/9.3.1/../../../../arm-none-eabi/lib/thumb/v7-m/nofp\libg_nano.a(lib_a-wsetup.o)
 .ARM.attributes
                0x000006bf       0x2d d:/progra~1/stmicr~1/stm32c~1/stm32c~1/gcc-ar~1/bin/../lib/gcc/arm-none-eabi/9.3.1/../../../../arm-none-eabi/lib/thumb/v7-m/nofp\libg_nano.a(lib_a-fflush.o)
 .ARM.attributes
                0x000006ec       0x2d d:/progra~1/stmicr~1/stm32c~1/stm32c~1/gcc-ar~1/bin/../lib/gcc/arm-none-eabi/9.3.1/../../../../arm-none-eabi/lib/thumb/v7-m/nofp\libg_nano.a(lib_a-findfp.o)
 .ARM.attributes
                0x00000719       0x2d d:/progra~1/stmicr~1/stm32c~1/stm32c~1/gcc-ar~1/bin/../lib/gcc/arm-none-eabi/9.3.1/../../../../arm-none-eabi/lib/thumb/v7-m/nofp\libg_nano.a(lib_a-fwalk.o)
 .ARM.attributes
                0x00000746       0x2d d:/progra~1/stmicr~1/stm32c~1/stm32c~1/gcc-ar~1/bin/../lib/gcc/arm-none-eabi/9.3.1/../../../../arm-none-eabi/lib/thumb/v7-m/nofp\libg_nano.a(lib_a-lock.o)
 .ARM.attributes
                0x00000773       0x2d d:/progra~1/stmicr~1/stm32c~1/stm32c~1/gcc-ar~1/bin/../lib/gcc/arm-none-eabi/9.3.1/../../../../arm-none-eabi/lib/thumb/v7-m/nofp\libg_nano.a(lib_a-makebuf.o)
 .ARM.attributes
                0x000007a0       0x2d d:/progra~1/stmicr~1/stm32c~1/stm32c~1/gcc-ar~1/bin/../lib/gcc/arm-none-eabi/9.3.1/../../../../arm-none-eabi/lib/thumb/v7-m/nofp\libg_nano.a(lib_a-nano-freer.o)
 .ARM.attributes
                0x000007cd       0x2d d:/progra~1/stmicr~1/stm32c~1/stm32c~1/gcc-ar~1/bin/../lib/gcc/arm-none-eabi/9.3.1/../../../../arm-none-eabi/lib/thumb/v7-m/nofp\libg_nano.a(lib_a-nano-mallocr.o)
 .ARM.attributes
                0x000007fa       0x2d d:/progra~1/stmicr~1/stm32c~1/stm32c~1/gcc-ar~1/bin/../lib/gcc/arm-none-eabi/9.3.1/../../../../arm-none-eabi/lib/thumb/v7-m/nofp\libg_nano.a(lib_a-nano-vfprintf.o)
 .ARM.attributes
                0x00000827       0x2d d:/progra~1/stmicr~1/stm32c~1/stm32c~1/gcc-ar~1/bin/../lib/gcc/arm-none-eabi/9.3.1/../../../../arm-none-eabi/lib/thumb/v7-m/nofp\libg_nano.a(lib_a-nano-vfprintf_i.o)
 .ARM.attributes
                0x00000854       0x2d d:/progra~1/stmicr~1/stm32c~1/stm32c~1/gcc-ar~1/bin/../lib/gcc/arm-none-eabi/9.3.1/../../../../arm-none-eabi/lib/thumb/v7-m/nofp\libg_nano.a(lib_a-sbrkr.o)
 .ARM.attributes
                0x00000881       0x2d d:/progra~1/stmicr~1/stm32c~1/stm32c~1/gcc-ar~1/bin/../lib/gcc/arm-none-eabi/9.3.1/../../../../arm-none-eabi/lib/thumb/v7-m/nofp\libg_nano.a(lib_a-stdio.o)
 .ARM.attributes
                0x000008ae       0x2d d:/progra~1/stmicr~1/stm32c~1/stm32c~1/gcc-ar~1/bin/../lib/gcc/arm-none-eabi/9.3.1/../../../../arm-none-eabi/lib/thumb/v7-m/nofp\libg_nano.a(lib_a-writer.o)
 .ARM.attributes
                0x000008db       0x2d d:/progra~1/stmicr~1/stm32c~1/stm32c~1/gcc-ar~1/bin/../lib/gcc/arm-none-eabi/9.3.1/../../../../arm-none-eabi/lib/thumb/v7-m/nofp\libg_nano.a(lib_a-closer.o)
 .ARM.attributes
                0x00000908       0x2d d:/progra~1/stmicr~1/stm32c~1/stm32c~1/gcc-ar~1/bin/../lib/gcc/arm-none-eabi/9.3.1/../../../../arm-none-eabi/lib/thumb/v7-m/nofp\libg_nano.a(lib_a-fstatr.o)
 .ARM.attributes
                0x00000935       0x2d d:/progra~1/stmicr~1/stm32c~1/stm32c~1/gcc-ar~1/bin/../lib/gcc/arm-none-eabi/9.3.1/../../../../arm-none-eabi/lib/thumb/v7-m/nofp\libg_nano.a(lib_a-isattyr.o)
 .ARM.attributes
                0x00000962       0x2d d:/progra~1/stmicr~1/stm32c~1/stm32c~1/gcc-ar~1/bin/../lib/gcc/arm-none-eabi/9.3.1/../../../../arm-none-eabi/lib/thumb/v7-m/nofp\libg_nano.a(lib_a-lseekr.o)
 .ARM.attributes
                0x0000098f       0x2d d:/progra~1/stmicr~1/stm32c~1/stm32c~1/gcc-ar~1/bin/../lib/gcc/arm-none-eabi/9.3.1/../../../../arm-none-eabi/lib/thumb/v7-m/nofp\libg_nano.a(lib_a-memchr-stub.o)
 .ARM.attributes
                0x000009bc       0x2d d:/progra~1/stmicr~1/stm32c~1/stm32c~1/gcc-ar~1/bin/../lib/gcc/arm-none-eabi/9.3.1/../../../../arm-none-eabi/lib/thumb/v7-m/nofp\libg_nano.a(lib_a-mlock.o)
 .ARM.attributes
                0x000009e9       0x2d d:/progra~1/stmicr~1/stm32c~1/stm32c~1/gcc-ar~1/bin/../lib/gcc/arm-none-eabi/9.3.1/../../../../arm-none-eabi/lib/thumb/v7-m/nofp\libg_nano.a(lib_a-readr.o)
 .ARM.attributes
                0x00000a16       0x2d d:/progra~1/stmicr~1/stm32c~1/stm32c~1/gcc-ar~1/bin/../lib/gcc/arm-none-eabi/9.3.1/../../../../arm-none-eabi/lib/thumb/v7-m/nofp\libg_nano.a(lib_a-reent.o)
 .ARM.attributes
                0x00000a43       0x1d d:/progra~1/stmicr~1/stm32c~1/stm32c~1/gcc-ar~1/bin/../lib/gcc/arm-none-eabi/9.3.1/thumb/v7-m/nofp/crtn.o
OUTPUT(f1_demo.elf elf32-littlearm)
LOAD linker stubs
LOAD d:/progra~1/stmicr~1/stm32c~1/stm32c~1/gcc-ar~1/bin/../lib/gcc/arm-none-eabi/9.3.1/../../../../arm-none-eabi/lib/thumb/v7-m/nofp\libc.a
LOAD d:/progra~1/stmicr~1/stm32c~1/stm32c~1/gcc-ar~1/bin/../lib/gcc/arm-none-eabi/9.3.1/../../../../arm-none-eabi/lib/thumb/v7-m/nofp\libm.a
LOAD d:/progra~1/stmicr~1/stm32c~1/stm32c~1/gcc-ar~1/bin/../lib/gcc/arm-none-eabi/9.3.1/thumb/v7-m/nofp\libgcc.a

.debug_info     0x00000000    0x16b00
 .debug_info    0x00000000      0x747 CMakeFiles/f1_demo.elf.dir/Drivers/STM32F1xx_HAL_Driver/Src/stm32f1xx_hal.c.obj
 .debug_info    0x00000747      0xbc5 CMakeFiles/f1_demo.elf.dir/Drivers/STM32F1xx_HAL_Driver/Src/stm32f1xx_hal_cortex.c.obj
 .debug_info    0x0000130c      0x6da CMakeFiles/f1_demo.elf.dir/Drivers/STM32F1xx_HAL_Driver/Src/stm32f1xx_hal_gpio.c.obj
 .debug_info    0x000019e6      0x877 CMakeFiles/f1_demo.elf.dir/Drivers/STM32F1xx_HAL_Driver/Src/stm32f1xx_hal_rcc.c.obj
 .debug_info    0x0000225d     0x2669 CMakeFiles/f1_demo.elf.dir/Drivers/STM32F1xx_HAL_Driver/Src/stm32f1xx_hal_tim.c.obj
 .debug_info    0x000048c6     0x11fb CMakeFiles/f1_demo.elf.dir/Drivers/STM32F1xx_HAL_Driver/Src/stm32f1xx_hal_tim_ex.c.obj
 .debug_info    0x00005ac1     0x12db CMakeFiles/f1_demo.elf.dir/Drivers/STM32F1xx_HAL_Driver/Src/stm32f1xx_hal_uart.c.obj
 .debug_info    0x00006d9c     0x200e CMakeFiles/f1_demo.elf.dir/Middlewares/Third_Party/FreeRTOS/Source/CMSIS_RTOS/cmsis_os.c.obj
 .debug_info    0x00008daa      0xb71 CMakeFiles/f1_demo.elf.dir/Middlewares/Third_Party/FreeRTOS/Source/list.c.obj
 .debug_info    0x0000991b      0x496 CMakeFiles/f1_demo.elf.dir/Middlewares/Third_Party/FreeRTOS/Source/portable/GCC/ARM_CM3/port.c.obj
 .debug_info    0x00009db1      0xc6c CMakeFiles/f1_demo.elf.dir/Middlewares/Third_Party/FreeRTOS/Source/portable/MemMang/heap_4.c.obj
 .debug_info    0x0000aa1d     0x1f2f CMakeFiles/f1_demo.elf.dir/Middlewares/Third_Party/FreeRTOS/Source/queue.c.obj
 .debug_info    0x0000c94c     0x2472 CMakeFiles/f1_demo.elf.dir/Middlewares/Third_Party/FreeRTOS/Source/tasks.c.obj
 .debug_info    0x0000edbe      0x34e CMakeFiles/f1_demo.elf.dir/Src/KeyBoard.c.obj
 .debug_info    0x0000f10c      0x402 CMakeFiles/f1_demo.elf.dir/Src/Tx433Lin.c.obj
 .debug_info    0x0000f50e      0xcaa CMakeFiles/f1_demo.elf.dir/Src/Tx433Remote.c.obj
 .debug_info    0x000101b8     0x120e CMakeFiles/f1_demo.elf.dir/Src/freertos.c.obj
 .debug_info    0x000113c6      0x378 CMakeFiles/f1_demo.elf.dir/Src/gpio.c.obj
 .debug_info    0x0001173e      0x3a5 CMakeFiles/f1_demo.elf.dir/Src/keeloq_lock.c.obj
 .debug_info    0x00011ae3     0x146c CMakeFiles/f1_demo.elf.dir/Src/main.c.obj
 .debug_info    0x00012f4f      0x42c CMakeFiles/f1_demo.elf.dir/Src/stm32f1xx_hal_msp.c.obj
 .debug_info    0x0001337b      0x95b CMakeFiles/f1_demo.elf.dir/Src/stm32f1xx_hal_timebase_tim.c.obj
 .debug_info    0x00013cd6      0x6e5 CMakeFiles/f1_demo.elf.dir/Src/stm32f1xx_it.c.obj
 .debug_info    0x000143bb     0x1010 CMakeFiles/f1_demo.elf.dir/Src/syscalls.c.obj
 .debug_info    0x000153cb      0x462 CMakeFiles/f1_demo.elf.dir/Src/system_stm32f1xx.c.obj
 .debug_info    0x0001582d      0xa95 CMakeFiles/f1_demo.elf.dir/Src/tim.c.obj
 .debug_info    0x000162c2      0x81c CMakeFiles/f1_demo.elf.dir/Src/usart.c.obj
 .debug_info    0x00016ade       0x22 CMakeFiles/f1_demo.elf.dir/startup/startup_stm32f103xb.s.obj

.debug_abbrev   0x00000000     0x3bc5
 .debug_abbrev  0x00000000      0x1fd CMakeFiles/f1_demo.elf.dir/Drivers/STM32F1xx_HAL_Driver/Src/stm32f1xx_hal.c.obj
 .debug_abbrev  0x000001fd      0x310 CMakeFiles/f1_demo.elf.dir/Drivers/STM32F1xx_HAL_Driver/Src/stm32f1xx_hal_cortex.c.obj
 .debug_abbrev  0x0000050d      0x1e5 CMakeFiles/f1_demo.elf.dir/Drivers/STM32F1xx_HAL_Driver/Src/stm32f1xx_hal_gpio.c.obj
 .debug_abbrev  0x000006f2      0x270 CMakeFiles/f1_demo.elf.dir/Drivers/STM32F1xx_HAL_Driver/Src/stm32f1xx_hal_rcc.c.obj
 .debug_abbrev  0x00000962      0x25b CMakeFiles/f1_demo.elf.dir/Drivers/STM32F1xx_HAL_Driver/Src/stm32f1xx_hal_tim.c.obj
 .debug_abbrev  0x00000bbd      0x249 CMakeFiles/f1_demo.elf.dir/Drivers/STM32F1xx_HAL_Driver/Src/stm32f1xx_hal_tim_ex.c.obj
 .debug_abbrev  0x00000e06      0x26d CMakeFiles/f1_demo.elf.dir/Drivers/STM32F1xx_HAL_Driver/Src/stm32f1xx_hal_uart.c.obj
 .debug_abbrev  0x00001073      0x3bf CMakeFiles/f1_demo.elf.dir/Middlewares/Third_Party/FreeRTOS/Source/CMSIS_RTOS/cmsis_os.c.obj
 .debug_abbrev  0x00001432      0x1f4 CMakeFiles/f1_demo.elf.dir/Middlewares/Third_Party/FreeRTOS/Source/list.c.obj
 .debug_abbrev  0x00001626      0x22c CMakeFiles/f1_demo.elf.dir/Middlewares/Third_Party/FreeRTOS/Source/portable/GCC/ARM_CM3/port.c.obj
 .debug_abbrev  0x00001852      0x2d0 CMakeFiles/f1_demo.elf.dir/Middlewares/Third_Party/FreeRTOS/Source/portable/MemMang/heap_4.c.obj
 .debug_abbrev  0x00001b22      0x39f CMakeFiles/f1_demo.elf.dir/Middlewares/Third_Party/FreeRTOS/Source/queue.c.obj
 .debug_abbrev  0x00001ec1      0x37d CMakeFiles/f1_demo.elf.dir/Middlewares/Third_Party/FreeRTOS/Source/tasks.c.obj
 .debug_abbrev  0x0000223e      0x19f CMakeFiles/f1_demo.elf.dir/Src/KeyBoard.c.obj
 .debug_abbrev  0x000023dd      0x180 CMakeFiles/f1_demo.elf.dir/Src/Tx433Lin.c.obj
 .debug_abbrev  0x0000255d      0x259 CMakeFiles/f1_demo.elf.dir/Src/Tx433Remote.c.obj
 .debug_abbrev  0x000027b6      0x2a8 CMakeFiles/f1_demo.elf.dir/Src/freertos.c.obj
 .debug_abbrev  0x00002a5e      0x14b CMakeFiles/f1_demo.elf.dir/Src/gpio.c.obj
 .debug_abbrev  0x00002ba9      0x17e CMakeFiles/f1_demo.elf.dir/Src/keeloq_lock.c.obj
 .debug_abbrev  0x00002d27      0x288 CMakeFiles/f1_demo.elf.dir/Src/main.c.obj
 .debug_abbrev  0x00002faf      0x123 CMakeFiles/f1_demo.elf.dir/Src/stm32f1xx_hal_msp.c.obj
 .debug_abbrev  0x000030d2      0x1bc CMakeFiles/f1_demo.elf.dir/Src/stm32f1xx_hal_timebase_tim.c.obj
 .debug_abbrev  0x0000328e      0x173 CMakeFiles/f1_demo.elf.dir/Src/stm32f1xx_it.c.obj
 .debug_abbrev  0x00003401      0x2a9 CMakeFiles/f1_demo.elf.dir/Src/syscalls.c.obj
 .debug_abbrev  0x000036aa      0x14b CMakeFiles/f1_demo.elf.dir/Src/system_stm32f1xx.c.obj
 .debug_abbrev  0x000037f5      0x206 CMakeFiles/f1_demo.elf.dir/Src/tim.c.obj
 .debug_abbrev  0x000039fb      0x1b8 CMakeFiles/f1_demo.elf.dir/Src/usart.c.obj
 .debug_abbrev  0x00003bb3       0x12 CMakeFiles/f1_demo.elf.dir/startup/startup_stm32f103xb.s.obj

.debug_aranges  0x00000000     0x12e8
 .debug_aranges
                0x00000000       0xe0 CMakeFiles/f1_demo.elf.dir/Drivers/STM32F1xx_HAL_Driver/Src/stm32f1xx_hal.c.obj
 .debug_aranges
                0x000000e0      0x100 CMakeFiles/f1_demo.elf.dir/Drivers/STM32F1xx_HAL_Driver/Src/stm32f1xx_hal_cortex.c.obj
 .debug_aranges
                0x000001e0       0x58 CMakeFiles/f1_demo.elf.dir/Drivers/STM32F1xx_HAL_Driver/Src/stm32f1xx_hal_gpio.c.obj
 .debug_aranges
                0x00000238       0x90 CMakeFiles/f1_demo.elf.dir/Drivers/STM32F1xx_HAL_Driver/Src/stm32f1xx_hal_rcc.c.obj
 .debug_aranges
                0x000002c8      0x3a8 CMakeFiles/f1_demo.elf.dir/Drivers/STM32F1xx_HAL_Driver/Src/stm32f1xx_hal_tim.c.obj
 .debug_aranges
                0x00000670      0x150 CMakeFiles/f1_demo.elf.dir/Drivers/STM32F1xx_HAL_Driver/Src/stm32f1xx_hal_tim_ex.c.obj
 .debug_aranges
                0x000007c0      0x1d0 CMakeFiles/f1_demo.elf.dir/Drivers/STM32F1xx_HAL_Driver/Src/stm32f1xx_hal_uart.c.obj
 .debug_aranges
                0x00000990      0x1d8 CMakeFiles/f1_demo.elf.dir/Middlewares/Third_Party/FreeRTOS/Source/CMSIS_RTOS/cmsis_os.c.obj
 .debug_aranges
                0x00000b68       0x40 CMakeFiles/f1_demo.elf.dir/Middlewares/Third_Party/FreeRTOS/Source/list.c.obj
 .debug_aranges
                0x00000ba8       0x78 CMakeFiles/f1_demo.elf.dir/Middlewares/Third_Party/FreeRTOS/Source/portable/GCC/ARM_CM3/port.c.obj
 .debug_aranges
                0x00000c20       0x50 CMakeFiles/f1_demo.elf.dir/Middlewares/Third_Party/FreeRTOS/Source/portable/MemMang/heap_4.c.obj
 .debug_aranges
                0x00000c70      0x108 CMakeFiles/f1_demo.elf.dir/Middlewares/Third_Party/FreeRTOS/Source/queue.c.obj
 .debug_aranges
                0x00000d78      0x1a8 CMakeFiles/f1_demo.elf.dir/Middlewares/Third_Party/FreeRTOS/Source/tasks.c.obj
 .debug_aranges
                0x00000f20       0x38 CMakeFiles/f1_demo.elf.dir/Src/KeyBoard.c.obj
 .debug_aranges
                0x00000f58       0x48 CMakeFiles/f1_demo.elf.dir/Src/Tx433Lin.c.obj
 .debug_aranges
                0x00000fa0       0x58 CMakeFiles/f1_demo.elf.dir/Src/Tx433Remote.c.obj
 .debug_aranges
                0x00000ff8       0x40 CMakeFiles/f1_demo.elf.dir/Src/freertos.c.obj
 .debug_aranges
                0x00001038       0x20 CMakeFiles/f1_demo.elf.dir/Src/gpio.c.obj
 .debug_aranges
                0x00001058       0x48 CMakeFiles/f1_demo.elf.dir/Src/keeloq_lock.c.obj
 .debug_aranges
                0x000010a0       0x40 CMakeFiles/f1_demo.elf.dir/Src/main.c.obj
 .debug_aranges
                0x000010e0       0x20 CMakeFiles/f1_demo.elf.dir/Src/stm32f1xx_hal_msp.c.obj
 .debug_aranges
                0x00001100       0x30 CMakeFiles/f1_demo.elf.dir/Src/stm32f1xx_hal_timebase_tim.c.obj
 .debug_aranges
                0x00001130       0x58 CMakeFiles/f1_demo.elf.dir/Src/stm32f1xx_it.c.obj
 .debug_aranges
                0x00001188       0xb0 CMakeFiles/f1_demo.elf.dir/Src/syscalls.c.obj
 .debug_aranges
                0x00001238       0x28 CMakeFiles/f1_demo.elf.dir/Src/system_stm32f1xx.c.obj
 .debug_aranges
                0x00001260       0x30 CMakeFiles/f1_demo.elf.dir/Src/tim.c.obj
 .debug_aranges
                0x00001290       0x30 CMakeFiles/f1_demo.elf.dir/Src/usart.c.obj
 .debug_aranges
                0x000012c0       0x28 CMakeFiles/f1_demo.elf.dir/startup/startup_stm32f103xb.s.obj

.debug_ranges   0x00000000     0x1130
 .debug_ranges  0x00000000       0xd0 CMakeFiles/f1_demo.elf.dir/Drivers/STM32F1xx_HAL_Driver/Src/stm32f1xx_hal.c.obj
 .debug_ranges  0x000000d0       0xf0 CMakeFiles/f1_demo.elf.dir/Drivers/STM32F1xx_HAL_Driver/Src/stm32f1xx_hal_cortex.c.obj
 .debug_ranges  0x000001c0       0x48 CMakeFiles/f1_demo.elf.dir/Drivers/STM32F1xx_HAL_Driver/Src/stm32f1xx_hal_gpio.c.obj
 .debug_ranges  0x00000208       0x80 CMakeFiles/f1_demo.elf.dir/Drivers/STM32F1xx_HAL_Driver/Src/stm32f1xx_hal_rcc.c.obj
 .debug_ranges  0x00000288      0x398 CMakeFiles/f1_demo.elf.dir/Drivers/STM32F1xx_HAL_Driver/Src/stm32f1xx_hal_tim.c.obj
 .debug_ranges  0x00000620      0x140 CMakeFiles/f1_demo.elf.dir/Drivers/STM32F1xx_HAL_Driver/Src/stm32f1xx_hal_tim_ex.c.obj
 .debug_ranges  0x00000760      0x1c0 CMakeFiles/f1_demo.elf.dir/Drivers/STM32F1xx_HAL_Driver/Src/stm32f1xx_hal_uart.c.obj
 .debug_ranges  0x00000920      0x1c8 CMakeFiles/f1_demo.elf.dir/Middlewares/Third_Party/FreeRTOS/Source/CMSIS_RTOS/cmsis_os.c.obj
 .debug_ranges  0x00000ae8       0x30 CMakeFiles/f1_demo.elf.dir/Middlewares/Third_Party/FreeRTOS/Source/list.c.obj
 .debug_ranges  0x00000b18       0x68 CMakeFiles/f1_demo.elf.dir/Middlewares/Third_Party/FreeRTOS/Source/portable/GCC/ARM_CM3/port.c.obj
 .debug_ranges  0x00000b80       0x40 CMakeFiles/f1_demo.elf.dir/Middlewares/Third_Party/FreeRTOS/Source/portable/MemMang/heap_4.c.obj
 .debug_ranges  0x00000bc0       0xf8 CMakeFiles/f1_demo.elf.dir/Middlewares/Third_Party/FreeRTOS/Source/queue.c.obj
 .debug_ranges  0x00000cb8      0x198 CMakeFiles/f1_demo.elf.dir/Middlewares/Third_Party/FreeRTOS/Source/tasks.c.obj
 .debug_ranges  0x00000e50       0x28 CMakeFiles/f1_demo.elf.dir/Src/KeyBoard.c.obj
 .debug_ranges  0x00000e78       0x38 CMakeFiles/f1_demo.elf.dir/Src/Tx433Lin.c.obj
 .debug_ranges  0x00000eb0       0x48 CMakeFiles/f1_demo.elf.dir/Src/Tx433Remote.c.obj
 .debug_ranges  0x00000ef8       0x30 CMakeFiles/f1_demo.elf.dir/Src/freertos.c.obj
 .debug_ranges  0x00000f28       0x10 CMakeFiles/f1_demo.elf.dir/Src/gpio.c.obj
 .debug_ranges  0x00000f38       0x38 CMakeFiles/f1_demo.elf.dir/Src/keeloq_lock.c.obj
 .debug_ranges  0x00000f70       0x30 CMakeFiles/f1_demo.elf.dir/Src/main.c.obj
 .debug_ranges  0x00000fa0       0x10 CMakeFiles/f1_demo.elf.dir/Src/stm32f1xx_hal_msp.c.obj
 .debug_ranges  0x00000fb0       0x20 CMakeFiles/f1_demo.elf.dir/Src/stm32f1xx_hal_timebase_tim.c.obj
 .debug_ranges  0x00000fd0       0x48 CMakeFiles/f1_demo.elf.dir/Src/stm32f1xx_it.c.obj
 .debug_ranges  0x00001018       0xa0 CMakeFiles/f1_demo.elf.dir/Src/syscalls.c.obj
 .debug_ranges  0x000010b8       0x18 CMakeFiles/f1_demo.elf.dir/Src/system_stm32f1xx.c.obj
 .debug_ranges  0x000010d0       0x20 CMakeFiles/f1_demo.elf.dir/Src/tim.c.obj
 .debug_ranges  0x000010f0       0x20 CMakeFiles/f1_demo.elf.dir/Src/usart.c.obj
 .debug_ranges  0x00001110       0x20 CMakeFiles/f1_demo.elf.dir/startup/startup_stm32f103xb.s.obj

.debug_line     0x00000000     0xdcbf
 .debug_line    0x00000000      0x53e CMakeFiles/f1_demo.elf.dir/Drivers/STM32F1xx_HAL_Driver/Src/stm32f1xx_hal.c.obj
 .debug_line    0x0000053e      0x724 CMakeFiles/f1_demo.elf.dir/Drivers/STM32F1xx_HAL_Driver/Src/stm32f1xx_hal_cortex.c.obj
 .debug_line    0x00000c62      0x5f6 CMakeFiles/f1_demo.elf.dir/Drivers/STM32F1xx_HAL_Driver/Src/stm32f1xx_hal_gpio.c.obj
 .debug_line    0x00001258      0x9aa CMakeFiles/f1_demo.elf.dir/Drivers/STM32F1xx_HAL_Driver/Src/stm32f1xx_hal_rcc.c.obj
 .debug_line    0x00001c02     0x23cb CMakeFiles/f1_demo.elf.dir/Drivers/STM32F1xx_HAL_Driver/Src/stm32f1xx_hal_tim.c.obj
 .debug_line    0x00003fcd      0xd94 CMakeFiles/f1_demo.elf.dir/Drivers/STM32F1xx_HAL_Driver/Src/stm32f1xx_hal_tim_ex.c.obj
 .debug_line    0x00004d61     0x1366 CMakeFiles/f1_demo.elf.dir/Drivers/STM32F1xx_HAL_Driver/Src/stm32f1xx_hal_uart.c.obj
 .debug_line    0x000060c7      0xed6 CMakeFiles/f1_demo.elf.dir/Middlewares/Third_Party/FreeRTOS/Source/CMSIS_RTOS/cmsis_os.c.obj
 .debug_line    0x00006f9d      0x450 CMakeFiles/f1_demo.elf.dir/Middlewares/Third_Party/FreeRTOS/Source/list.c.obj
 .debug_line    0x000073ed      0x4e7 CMakeFiles/f1_demo.elf.dir/Middlewares/Third_Party/FreeRTOS/Source/portable/GCC/ARM_CM3/port.c.obj
 .debug_line    0x000078d4      0x59e CMakeFiles/f1_demo.elf.dir/Middlewares/Third_Party/FreeRTOS/Source/portable/MemMang/heap_4.c.obj
 .debug_line    0x00007e72     0x11a9 CMakeFiles/f1_demo.elf.dir/Middlewares/Third_Party/FreeRTOS/Source/queue.c.obj
 .debug_line    0x0000901b     0x15df CMakeFiles/f1_demo.elf.dir/Middlewares/Third_Party/FreeRTOS/Source/tasks.c.obj
 .debug_line    0x0000a5fa      0x3a8 CMakeFiles/f1_demo.elf.dir/Src/KeyBoard.c.obj
 .debug_line    0x0000a9a2      0x43b CMakeFiles/f1_demo.elf.dir/Src/Tx433Lin.c.obj
 .debug_line    0x0000addd      0x589 CMakeFiles/f1_demo.elf.dir/Src/Tx433Remote.c.obj
 .debug_line    0x0000b366      0x55c CMakeFiles/f1_demo.elf.dir/Src/freertos.c.obj
 .debug_line    0x0000b8c2      0x2b1 CMakeFiles/f1_demo.elf.dir/Src/gpio.c.obj
 .debug_line    0x0000bb73      0x418 CMakeFiles/f1_demo.elf.dir/Src/keeloq_lock.c.obj
 .debug_line    0x0000bf8b      0x4bf CMakeFiles/f1_demo.elf.dir/Src/main.c.obj
 .debug_line    0x0000c44a      0x275 CMakeFiles/f1_demo.elf.dir/Src/stm32f1xx_hal_msp.c.obj
 .debug_line    0x0000c6bf      0x338 CMakeFiles/f1_demo.elf.dir/Src/stm32f1xx_hal_timebase_tim.c.obj
 .debug_line    0x0000c9f7      0x354 CMakeFiles/f1_demo.elf.dir/Src/stm32f1xx_it.c.obj
 .debug_line    0x0000cd4b      0x494 CMakeFiles/f1_demo.elf.dir/Src/syscalls.c.obj
 .debug_line    0x0000d1df      0x327 CMakeFiles/f1_demo.elf.dir/Src/system_stm32f1xx.c.obj
 .debug_line    0x0000d506      0x39d CMakeFiles/f1_demo.elf.dir/Src/tim.c.obj
 .debug_line    0x0000d8a3      0x372 CMakeFiles/f1_demo.elf.dir/Src/usart.c.obj
 .debug_line    0x0000dc15       0xaa CMakeFiles/f1_demo.elf.dir/startup/startup_stm32f103xb.s.obj

.debug_str      0x00000000     0x5f98
 .debug_str     0x00000000      0x803 CMakeFiles/f1_demo.elf.dir/Drivers/STM32F1xx_HAL_Driver/Src/stm32f1xx_hal.c.obj
                                0x86c (size before relaxing)
 .debug_str     0x00000803      0x42e CMakeFiles/f1_demo.elf.dir/Drivers/STM32F1xx_HAL_Driver/Src/stm32f1xx_hal_cortex.c.obj
                                0x9d3 (size before relaxing)
 .debug_str     0x00000c31      0x1fc CMakeFiles/f1_demo.elf.dir/Drivers/STM32F1xx_HAL_Driver/Src/stm32f1xx_hal_gpio.c.obj
                                0x524 (size before relaxing)
 .debug_str     0x00000e2d      0x357 CMakeFiles/f1_demo.elf.dir/Drivers/STM32F1xx_HAL_Driver/Src/stm32f1xx_hal_rcc.c.obj
                                0x6df (size before relaxing)
 .debug_str     0x00001184     0x119e CMakeFiles/f1_demo.elf.dir/Drivers/STM32F1xx_HAL_Driver/Src/stm32f1xx_hal_tim.c.obj
                               0x1502 (size before relaxing)
 .debug_str     0x00002322      0x5a6 CMakeFiles/f1_demo.elf.dir/Drivers/STM32F1xx_HAL_Driver/Src/stm32f1xx_hal_tim_ex.c.obj
                                0xd02 (size before relaxing)
 .debug_str     0x000028c8      0x70a CMakeFiles/f1_demo.elf.dir/Drivers/STM32F1xx_HAL_Driver/Src/stm32f1xx_hal_uart.c.obj
                                0xc26 (size before relaxing)
 .debug_str     0x00002fd2      0xe76 CMakeFiles/f1_demo.elf.dir/Middlewares/Third_Party/FreeRTOS/Source/CMSIS_RTOS/cmsis_os.c.obj
                               0x1187 (size before relaxing)